Component: ARM Compiler 5.06 update 5 (build 528) Tool: armlink [4d35e2]

==============================================================================

Section Cross References

    startup_stm32f10x_hd.o(STACK) refers (Special) to heapauxi.o(.text) for __use_two_region_memory
    startup_stm32f10x_hd.o(HEAP) refers (Special) to heapauxi.o(.text) for __use_two_region_memory
    startup_stm32f10x_hd.o(RESET) refers (Special) to heapauxi.o(.text) for __use_two_region_memory
    startup_stm32f10x_hd.o(RESET) refers to startup_stm32f10x_hd.o(STACK) for __initial_sp
    startup_stm32f10x_hd.o(RESET) refers to startup_stm32f10x_hd.o(.text) for Reset_Handler
    startup_stm32f10x_hd.o(RESET) refers to stm32f10x_it.o(i.NMI_Handler) for NMI_Handler
    startup_stm32f10x_hd.o(RESET) refers to stm32f10x_it.o(i.HardFault_Handler) for HardFault_Handler
    startup_stm32f10x_hd.o(RESET) refers to stm32f10x_it.o(i.MemManage_Handler) for MemManage_Handler
    startup_stm32f10x_hd.o(RESET) refers to stm32f10x_it.o(i.BusFault_Handler) for BusFault_Handler
    startup_stm32f10x_hd.o(RESET) refers to stm32f10x_it.o(i.UsageFault_Handler) for UsageFault_Handler
    startup_stm32f10x_hd.o(RESET) refers to stm32f10x_it.o(i.SVC_Handler) for SVC_Handler
    startup_stm32f10x_hd.o(RESET) refers to stm32f10x_it.o(i.DebugMon_Handler) for DebugMon_Handler
    startup_stm32f10x_hd.o(RESET) refers to stm32f10x_it.o(i.PendSV_Handler) for PendSV_Handler
    startup_stm32f10x_hd.o(RESET) refers to stm32f10x_it.o(i.SysTick_Handler) for SysTick_Handler
    startup_stm32f10x_hd.o(RESET) refers to serial.o(i.USART1_IRQHandler) for USART1_IRQHandler
    startup_stm32f10x_hd.o(RESET) refers to ultrasonic.o(i.TIM5_IRQHandler) for TIM5_IRQHandler
    startup_stm32f10x_hd.o(.text) refers (Special) to heapauxi.o(.text) for __use_two_region_memory
    startup_stm32f10x_hd.o(.text) refers to system_stm32f10x.o(i.SystemInit) for SystemInit
    startup_stm32f10x_hd.o(.text) refers to __main.o(!!!main) for __main
    startup_stm32f10x_hd.o(.text) refers to startup_stm32f10x_hd.o(HEAP) for Heap_Mem
    startup_stm32f10x_hd.o(.text) refers to startup_stm32f10x_hd.o(STACK) for Stack_Mem
    system_stm32f10x.o(i.SetSysClock) refers to system_stm32f10x.o(i.SetSysClockTo72) for SetSysClockTo72
    system_stm32f10x.o(i.SystemCoreClockUpdate) refers to system_stm32f10x.o(.data) for SystemCoreClock
    system_stm32f10x.o(i.SystemInit) refers to system_stm32f10x.o(i.SetSysClock) for SetSysClock
    stm32f10x_adc.o(i.ADC_DeInit) refers to stm32f10x_rcc.o(i.RCC_APB2PeriphResetCmd) for RCC_APB2PeriphResetCmd
    stm32f10x_bkp.o(i.BKP_DeInit) refers to stm32f10x_rcc.o(i.RCC_BackupResetCmd) for RCC_BackupResetCmd
    stm32f10x_can.o(i.CAN_DeInit) refers to stm32f10x_rcc.o(i.RCC_APB1PeriphResetCmd) for RCC_APB1PeriphResetCmd
    stm32f10x_can.o(i.CAN_GetITStatus) refers to stm32f10x_can.o(i.CheckITStatus) for CheckITStatus
    stm32f10x_cec.o(i.CEC_DeInit) refers to stm32f10x_rcc.o(i.RCC_APB1PeriphResetCmd) for RCC_APB1PeriphResetCmd
    stm32f10x_dac.o(i.DAC_DeInit) refers to stm32f10x_rcc.o(i.RCC_APB1PeriphResetCmd) for RCC_APB1PeriphResetCmd
    stm32f10x_flash.o(i.FLASH_EnableWriteProtection) refers to stm32f10x_flash.o(i.FLASH_WaitForLastOperation) for FLASH_WaitForLastOperation
    stm32f10x_flash.o(i.FLASH_EraseAllBank1Pages) refers to stm32f10x_flash.o(i.FLASH_WaitForLastBank1Operation) for FLASH_WaitForLastBank1Operation
    stm32f10x_flash.o(i.FLASH_EraseAllPages) refers to stm32f10x_flash.o(i.FLASH_WaitForLastOperation) for FLASH_WaitForLastOperation
    stm32f10x_flash.o(i.FLASH_EraseOptionBytes) refers to stm32f10x_flash.o(i.FLASH_GetReadOutProtectionStatus) for FLASH_GetReadOutProtectionStatus
    stm32f10x_flash.o(i.FLASH_EraseOptionBytes) refers to stm32f10x_flash.o(i.FLASH_WaitForLastOperation) for FLASH_WaitForLastOperation
    stm32f10x_flash.o(i.FLASH_ErasePage) refers to stm32f10x_flash.o(i.FLASH_WaitForLastOperation) for FLASH_WaitForLastOperation
    stm32f10x_flash.o(i.FLASH_ProgramHalfWord) refers to stm32f10x_flash.o(i.FLASH_WaitForLastOperation) for FLASH_WaitForLastOperation
    stm32f10x_flash.o(i.FLASH_ProgramOptionByteData) refers to stm32f10x_flash.o(i.FLASH_WaitForLastOperation) for FLASH_WaitForLastOperation
    stm32f10x_flash.o(i.FLASH_ProgramWord) refers to stm32f10x_flash.o(i.FLASH_WaitForLastOperation) for FLASH_WaitForLastOperation
    stm32f10x_flash.o(i.FLASH_ReadOutProtection) refers to stm32f10x_flash.o(i.FLASH_WaitForLastOperation) for FLASH_WaitForLastOperation
    stm32f10x_flash.o(i.FLASH_UserOptionByteConfig) refers to stm32f10x_flash.o(i.FLASH_WaitForLastOperation) for FLASH_WaitForLastOperation
    stm32f10x_flash.o(i.FLASH_WaitForLastBank1Operation) refers to stm32f10x_flash.o(i.FLASH_GetBank1Status) for FLASH_GetBank1Status
    stm32f10x_flash.o(i.FLASH_WaitForLastOperation) refers to stm32f10x_flash.o(i.FLASH_GetBank1Status) for FLASH_GetBank1Status
[...]
    .data                                    0x2000007c   Section        2  servo_serial.o(.data)
    .bss                                     0x20000080   Section       39  serial.o(.bss)
    .bss                                     0x200000a7   Section      520  ckp.o(.bss)
    .bss                                     0x200002b0   Section       96  libspace.o(.bss)
    HEAP                                     0x20000310   Section      512  startup_stm32f10x_hd.o(HEAP)
    Heap_Mem                                 0x20000310   Data         512  startup_stm32f10x_hd.o(HEAP)
    STACK                                    0x20000510   Section     1024  startup_stm32f10x_hd.o(STACK)
    Stack_Mem                                0x20000510   Data        1024  startup_stm32f10x_hd.o(STACK)
    __initial_sp                             0x20000910   Data           0  startup_stm32f10x_hd.o(STACK)

    Global Symbols

    Symbol Name                              Value     Ov Type        Size  Object(Section)

    BuildAttributes$$THM_ISAv4$P$D$K$B$S$PE$A:L22UL41UL21$X:L11$S22US41US21$IEEE1$IW$USESV6$~STKCKD$USESV7$~SHL$OTIME$ROPI$IEEEJ$EBA8$UX$STANDARDLIB$REQ8$PRES8$EABIv2 0x00000000   Number         0  anon$$obj.o ABSOLUTE
    __ARM_use_no_argv                        0x00000000   Number         0  main.o ABSOLUTE
    _printf_flags                            0x00000000   Number         0  printf_stubs.o ABSOLUTE
    _printf_return_value                     0x00000000   Number         0  printf_stubs.o ABSOLUTE
    _printf_sizespec                         0x00000000   Number         0  printf_stubs.o ABSOLUTE
    _printf_widthprec                        0x00000000   Number         0  printf_stubs.o ABSOLUTE
    __ARM_exceptions_init                     - Undefined Weak Reference
    __alloca_initialize                       - Undefined Weak Reference
    __arm_preinit_                            - Undefined Weak Reference
    __cpp_initialize__aeabi_                  - Undefined Weak Reference
    __cxa_finalize                            - Undefined Weak Reference
    __sigvec_lookup                           - Undefined Weak Reference
    __user_heap_extent                        - Undefined Weak Reference
    _atexit_init                              - Undefined Weak Reference
    _call_atexit_fns                          - Undefined Weak Reference
    _clock_init                               - Undefined Weak Reference
    _fp_trap_init                             - Undefined Weak Reference
    _fp_trap_shutdown                         - Undefined Weak Reference
    _get_lc_collate                           - Undefined Weak Reference
    _get_lc_monetary                          - Undefined Weak Reference
    _get_lc_time                              - Undefined Weak Reference
    _getenv_init                              - Undefined Weak Reference
    _handle_redirection                       - Undefined Weak Reference
    _initio                                   - Undefined Weak Reference
    _mutex_acquire                            - Undefined Weak Reference
    _mutex_free                               - Undefined Weak Reference
    _mutex_release                            - Undefined Weak Reference
    _printf_mbtowc                            - Undefined Weak Reference
    _printf_wc                                - Undefined Weak Reference
    _rand_init                                - Undefined Weak Reference
    _signal_finish                            - Undefined Weak Reference
    _signal_init                              - Undefined Weak Reference
    _terminateio                              - Undefined Weak Reference
    __Vectors_Size                           0x00000130   Number         0  startup_stm32f10x_hd.o ABSOLUTE
    __Vectors                                0x08000000   Data           4  startup_stm32f10x_hd.o(RESET)
    __Vectors_End                            0x08000130   Data           0  startup_stm32f10x_hd.o(RESET)
    __main                                   0x08000131   Thumb Code     8  __main.o(!!!main)
    __scatterload                            0x08000139   Thumb Code     0  __scatter.o(!!!scatter)
    __scatterload_rt2                        0x08000139   Thumb Code    44  __scatter.o(!!!scatter)
    __scatterload_rt2_thumb_only             0x08000139   Thumb Code     0  __scatter.o(!!!scatter)
    __scatterload_null                       0x08000147   Thumb Code     0  __scatter.o(!!!scatter)
    __scatterload_copy                       0x0800016d   Thumb Code    26  __scatter_copy.o(!!handler_copy)
    __scatterload_zeroinit                   0x08000189   Thumb Code    28  __scatter_zi.o(!!handler_zi)
    _printf_n                                0x080001a5   Thumb Code     0  _printf_n.o(.ARM.Collect$$_printf_percent$$00000001)
    _printf_percent                          0x080001a5   Thumb Code     0  _printf_percent.o(.ARM.Collect$$_printf_percent$$00000000)
    _printf_p                                0x080001ab   Thumb Code     0  _printf_p.o(.ARM.Collect$$_printf_percent$$00000002)
    _printf_f                                0x080001b1   Thumb Code     0  _printf_f.o(.ARM.Collect$$_printf_percent$$00000003)
    _printf_e                                0x080001b7   Thumb Code     0  _printf_e.o(.ARM.Collect$$_printf_percent$$00000004)
    _printf_g                                0x080001bd   Thumb Code     0  _printf_g.o(.ARM.Collect$$_printf_percent$$00000005)
    _printf_a                                0x080001c3   Thumb Code     0  _printf_a.o(.ARM.Collect$$_printf_percent$$00000006)
    _printf_ll                               0x080001c9   Thumb Code     0  _printf_ll.o(.ARM.Collect$$_printf_percent$$00000007)
    _printf_i                                0x080001d3   Thumb Code     0  _printf_i.o(.ARM.Collect$$_printf_percent$$00000008)
    _printf_d                                0x080001d9   Thumb Code     0  _printf_d.o(.ARM.Collect$$_printf_percent$$00000009)
    _printf_u                                0x080001df   Thumb Code     0  _printf_u.o(.ARM.Collect$$_printf_percent$$0000000A)
    _printf_o                                0x080001e5   Thumb Code     0  _printf_o.o(.ARM.Collect$$_printf_percent$$0000000B)
    _printf_x                                0x080001eb   Thumb Code     0  _printf_x.o(.ARM.Collect$$_printf_percent$$0000000C)
    _printf_lli                              0x080001f1   Thumb Code     0  _printf_lli.o(.ARM.Collect$$_printf_percent$$0000000D)
    _printf_lld                              0x080001f7   Thumb Code     0  _printf_lld.o(.ARM.Collect$$_printf_percent$$0000000E)
    _printf_llu                              0x080001fd   Thumb Code     0  _printf_llu.o(.ARM.Collect$$_printf_percent$$0000000F)
    _printf_llo                              0x08000203   Thumb Code     0  _printf_llo.o(.ARM.Collect$$_printf_percent$$00000010)
    _printf_llx                              0x08000209   Thumb Code     0  _printf_llx.o(.ARM.Collect$$_printf_percent$$00000011)
    _printf_l                                0x0800020f   Thumb Code     0  _printf_l.o(.ARM.Collect$$_printf_percent$$00000012)
    _printf_c                                0x08000219   Thumb Code     0  _printf_c.o(.ARM.Collect$$_printf_percent$$00000013)
    _printf_s                                0x0800021f   Thumb Code     0  _printf_s.o(.ARM.Collect$$_printf_percent$$00000014)
    _printf_lc                               0x08000225   Thumb Code     0  _printf_lc.o(.ARM.Collect$$_printf_percent$$00000015)
    _printf_ls                               0x0800022b   Thumb Code     0  _printf_ls.o(.ARM.Collect$$_printf_percent$$00000016)
    _printf_percent_end                      0x08000231   Thumb Code     0  _printf_percent_end.o(.ARM.Collect$$_printf_percent$$00000017)
    __rt_lib_init                            0x08000235   Thumb Code     0  libinit.o(.ARM.Collect$$libinit$$00000000)
    __rt_lib_init_fp_1                       0x08000237   Thumb Code     0  libinit2.o(.ARM.Collect$$libinit$$00000002)
    __rt_lib_init_heap_2                     0x08000237   Thumb Code     0  libinit2.o(.ARM.Collect$$libinit$$00000005)
    __rt_lib_init_preinit_1                  0x08000237   Thumb Code     0  libinit2.o(.ARM.Collect$$libinit$$00000004)
    __rt_lib_init_heap_1                     0x0800023f   Thumb Code     0  libinit2.o(.ARM.Collect$$libinit$$0000000A)
    __rt_lib_init_lc_common                  0x0800023f   Thumb Code     0  libinit2.o(.ARM.Collect$$libinit$$0000000F)
    __rt_lib_init_rand_1                     0x0800023f   Thumb Code     0  libinit2.o(.ARM.Collect$$libinit$$0000000E)
    __rt_lib_init_user_alloc_1               0x0800023f   Thumb Code     0  libinit2.o(.ARM.Collect$$libinit$$0000000C)
    __rt_lib_init_lc_collate_1               0x08000245   Thumb Code     0  libinit2.o(.ARM.Collect$$libinit$$00000011)
    __rt_lib_init_lc_ctype_2                 0x08000245   Thumb Code     0  libinit2.o(.ARM.Collect$$libinit$$00000012)
    __rt_lib_init_lc_ctype_1                 0x08000251   Thumb Code     0  libinit2.o(.ARM.Collect$$libinit$$00000013)
    __rt_lib_init_lc_monetary_1              0x08000251   Thumb Code     0  libinit2.o(.ARM.Collect$$libinit$$00000015)
    __rt_lib_init_lc_numeric_2               0x08000251   Thumb Code     0  libinit2.o(.ARM.Collect$$libinit$$00000016)
    __rt_lib_init_alloca_1                   0x0800025b   Thumb Code     0  libinit2.o(.ARM.Collect$$libinit$$0000002E)
    __rt_lib_init_argv_1                     0x0800025b   Thumb Code     0  libinit2.o(.ARM.Collect$$libinit$$0000002C)
    __rt_lib_init_atexit_1                   0x0800025b   Thumb Code     0  libinit2.o(.ARM.Collect$$libinit$$0000001B)
    __rt_lib_init_clock_1                    0x0800025b   Thumb Code     0  libinit2.o(.ARM.Collect$$libinit$$00000021)
    __rt_lib_init_cpp_1                      0x0800025b   Thumb Code     0  libinit2.o(.ARM.Collect$$libinit$$00000032)
    __rt_lib_init_exceptions_1               0x0800025b   Thumb Code     0  libinit2.o(.ARM.Collect$$libinit$$00000030)
    __rt_lib_init_fp_trap_1                  0x0800025b   Thumb Code     0  libinit2.o(.ARM.Collect$$libinit$$0000001F)
    __rt_lib_init_getenv_1                   0x0800025b   Thumb Code     0  libinit2.o(.ARM.Collect$$libinit$$00000023)
    __rt_lib_init_lc_numeric_1               0x0800025b   Thumb Code     0  libinit2.o(.ARM.Collect$$libinit$$00000017)
    __rt_lib_init_lc_time_1                  0x0800025b   Thumb Code     0  libinit2.o(.ARM.Collect$$libinit$$00000019)
    __rt_lib_init_return                     0x0800025b   Thumb Code     0  libinit2.o(.ARM.Collect$$libinit$$00000033)
    __rt_lib_init_signal_1                   0x0800025b   Thumb Code     0  libinit2.o(.ARM.Collect$$libinit$$0000001D)
    __rt_lib_init_stdio_1                    0x0800025b   Thumb Code     0  libinit2.o(.ARM.Collect$$libinit$$00000025)
    __rt_lib_shutdown                        0x0800025d   Thumb Code     0  libshutdown.o(.ARM.Collect$$libshutdown$$00000000)
    __rt_lib_shutdown_cpp_1                  0x0800025f   Thumb Code     0  libshutdown2.o(.ARM.Collect$$libshutdown$$00000002)
    __rt_lib_shutdown_fp_trap_1              0x0800025f   Thumb Code     0  libshutdown2.o(.ARM.Collect$$libshutdown$$00000007)
    __rt_lib_shutdown_heap_1                 0x0800025f   Thumb Code     0  libshutdown2.o(.ARM.Collect$$libshutdown$$0000000F)
    __rt_lib_shutdown_return                 0x0800025f   Thumb Code     0  libshutdown2.o(.ARM.Collect$$libshutdown$$00000010)
    __rt_lib_shutdown_signal_1               0x0800025f   Thumb Code     0  libshutdown2.o(.ARM.Collect$$libshutdown$$0000000A)
    __rt_lib_shutdown_stdio_1                0x0800025f   Thumb Code     0  libshutdown2.o(.ARM.Collect$$libshutdown$$00000004)
    __rt_lib_shutdown_user_alloc_1           0x0800025f   Thumb Code     0  libshutdown2.o(.ARM.Collect$$libshutdown$$0000000C)
    __rt_entry                               0x08000261   Thumb Code     0  __rtentry.o(.ARM.Collect$$rtentry$$00000000)
    __rt_entry_presh_1                       0x08000261   Thumb Code     0  __rtentry2.o(.ARM.Collect$$rtentry$$00000002)
    __rt_entry_sh                            0x08000261   Thumb Code     0  __rtentry4.o(.ARM.Collect$$rtentry$$00000004)
    __rt_entry_li                            0x08000267   Thumb Code     0  __rtentry2.o(.ARM.Collect$$rtentry$$0000000A)
    __rt_entry_postsh_1                      0x08000267   Thumb Code     0  __rtentry2.o(.ARM.Collect$$rtentry$$00000009)
    __rt_entry_main                          0x0800026b   Thumb Code     0  __rtentry2.o(.ARM.Collect$$rtentry$$0000000D)
    __rt_entry_postli_1                      0x0800026b   Thumb Code     0  __rtentry2.o(.ARM.Collect$$rtentry$$0000000C)
    __rt_exit                                0x08000273   Thumb Code     0  rtexit.o(.ARM.Collect$$rtexit$$00000000)
    __rt_exit_ls                             0x08000275   Thumb Code     0  rtexit2.o(.ARM.Collect$$rtexit$$00000003)
    __rt_exit_prels_1                        0x08000275   Thumb Code     0  rtexit2.o(.ARM.Collect$$rtexit$$00000002)
    __rt_exit_exit                           0x08000279   Thumb Code     0  rtexit2.o(.ARM.Collect$$rtexit$$00000004)
    Reset_Handler                            0x08000281   Thumb Code     8  startup_stm32f10x_hd.o(.text)
    _maybe_terminate_alloc                   0x08000281   Thumb Code     0  maybetermalloc1.o(.emb_text)
    ADC1_2_IRQHandler                        0x0800029b   Thumb Code     0  startup_stm32f10x_hd.o(.text)
    ADC3_IRQHandler                          0x0800029b   Thumb Code     0  startup_stm32f10x_hd.o(.text)
    CAN1_RX1_IRQHandler                      0x0800029b   Thumb Code     0  startup_stm32f10x_hd.o(.text)
    CAN1_SCE_IRQHandler                      0x0800029b   Thumb Code     0  startup_stm32f10x_hd.o(.text)
    DMA1_Channel1_IRQHandler                 0x0800029b   Thumb Code     0  startup_stm32f10x_hd.o(.text)
    DMA1_Channel2_IRQHandler                 0x0800029b   Thumb Code     0  startup_stm32f10x_hd.o(.text)
    DMA1_Channel3_IRQHandler                 0x0800029b   Thumb Code     0  startup_stm32f10x_hd.o(.text)
    DMA1_Channel4_IRQHandler                 0x0800029b   Thumb Code     0  startup_stm32f10x_hd.o(.text)
    DMA1_Channel5_IRQHandler                 0x0800029b   Thumb Code     0  startup_stm32f10x_hd.o(.text)
    DMA1_Channel6_IRQHandler                 0x0800029b   Thumb Code     0  startup_stm32f10x_hd.o(.text)
    DMA1_Channel7_IRQHandler                 0x0800029b   Thumb Code     0  startup_stm32f10x_hd.o(.text)
    DMA2_Channel1_IRQHandler                 0x0800029b   Thumb Code     0  startup_stm32f10x_hd.o(.text)
    DMA2_Channel2_IRQHandler                 0x0800029b   Thumb Code     0  startup_stm32f10x_hd.o(.text)
    DMA2_Channel3_IRQHandler                 0x0800029b   Thumb Code     0  startup_stm32f10x_hd.o(.text)
    DMA2_Channel4_5_IRQHandler               0x0800029b   Thumb Code     0  startup_stm32f10x_hd.o(.text)
    EXTI0_IRQHandler                         0x0800029b   Thumb Code     0  startup_stm32f10x_hd.o(.text)
    EXTI15_10_IRQHandler                     0x0800029b   Thumb Code     0  startup_stm32f10x_hd.o(.text)
    EXTI1_IRQHandler                         0x0800029b   Thumb Code     0  startup_stm32f10x_hd.o(.text)
    EXTI2_IRQHandler                         0x0800029b   Thumb Code     0  startup_stm32f10x_hd.o(.text)
    EXTI3_IRQHandler                         0x0800029b   Thumb Code     0  startup_stm32f10x_hd.o(.text)
    EXTI4_IRQHandler                         0x0800029b   Thumb Code     0  startup_stm32f10x_hd.o(.text)
    EXTI9_5_IRQHandler                       0x0800029b   Thumb Code     0  startup_stm32f10x_hd.o(.text)
    FLASH_IRQHandler                         0x0800029b   Thumb Code     0  startup_stm32f10x_hd.o(.text)
    FSMC_IRQHandler                          0x0800029b   Thumb Code     0  startup_stm32f10x_hd.o(.text)
    I2C1_ER_IRQHandler                       0x0800029b   Thumb Code     0  startup_stm32f10x_hd.o(.text)
    I2C1_EV_IRQHandler                       0x0800029b   Thumb Code     0  startup_stm32f10x_hd.o(.text)
    I2C2_ER_IRQHandler                       0x0800029b   Thumb Code     0  startup_stm32f10x_hd.o(.text)
    I2C2_EV_IRQHandler                       0x0800029b   Thumb Code     0  startup_stm32f10x_hd.o(.text)
    PVD_IRQHandler                           0x0800029b   Thumb Code     0  startup_stm32f10x_hd.o(.text)
    RCC_IRQHandler                           0x0800029b   Thumb Code     0  startup_stm32f10x_hd.o(.text)
    RTCAlarm_IRQHandler                      0x0800029b   Thumb Code     0  startup_stm32f10x_hd.o(.text)
    RTC_IRQHandler                           0x0800029b   Thumb Code     0  startup_stm32f10x_hd.o(.text)
    SDIO_IRQHandler                          0x0800029b   Thumb Code     0  startup_stm32f10x_hd.o(.text)
    SPI1_IRQHandler                          0x0800029b   Thumb Code     0  startup_stm32f10x_hd.o(.text)
    SPI2_IRQHandler                          0x0800029b   Thumb Code     0  startup_stm32f10x_hd.o(.text)
    SPI3_IRQHandler                          0x0800029b   Thumb Code     0  startup_stm32f10x_hd.o(.text)
    TAMPER_IRQHandler                        0x0800029b   Thumb Code     0  startup_stm32f10x_hd.o(.text)
    TIM1_BRK_IRQHandler                      0x0800029b   Thumb Code     0  startup_stm32f10x_hd.o(.text)
    TIM1_CC_IRQHandler                       0x0800029b   Thumb Code     0  startup_stm32f10x_hd.o(.text)
    TIM1_TRG_COM_IRQHandler                  0x0800029b   Thumb Code     0  startup_stm32f10x_hd.o(.text)
    TIM1_UP_IRQHandler                       0x0800029b   Thumb Code     0  startup_stm32f10x_hd.o(.text)
    TIM2_IRQHandler                          0x0800029b   Thumb Code     0  startup_stm32f10x_hd.o(.text)
    TIM3_IRQHandler                          0x0800029b   Thumb Code     0  startup_stm32f10x_hd.o(.text)
    TIM4_IRQHandler                          0x0800029b   Thumb Code     0  startup_stm32f10x_hd.o(.text)
    TIM6_IRQHandler                          0x0800029b   Thumb Code     0  startup_stm32f10x_hd.o(.text)
    TIM7_IRQHandler                          0x0800029b   Thumb Code     0  startup_stm32f10x_hd.o(.text)
    TIM8_BRK_IRQHandler                      0x0800029b   Thumb Code     0  startup_stm32f10x_hd.o(.text)
    TIM8_CC_IRQHandler                       0x0800029b   Thumb Code     0  startup_stm32f10x_hd.o(.text)
    TIM8_TRG_COM_IRQHandler                  0x0800029b   Thumb Code     0  startup_stm32f10x_hd.o(.text)
    TIM8_UP_IRQHandler                       0x0800029b   Thumb Code     0  startup_stm32f10x_hd.o(.text)
    UART4_IRQHandler                         0x0800029b   Thumb Code     0  startup_stm32f10x_hd.o(.text)
    UART5_IRQHandler                         0x0800029b   Thumb Code     0  startup_stm32f10x_hd.o(.text)
    USART2_IRQHandler                        0x0800029b   Thumb Code     0  startup_stm32f10x_hd.o(.text)
    USART3_IRQHandler                        0x0800029b   Thumb Code     0  startup_stm32f10x_hd.o(.text)
    USBWakeUp_IRQHandler                     0x0800029b   Thumb Code     0  startup_stm32f10x_hd.o(.text)
    USB_HP_CAN1_TX_IRQHandler                0x0800029b   Thumb Code     0  startup_stm32f10x_hd.o(.text)
    USB_LP_CAN1_RX0_IRQHandler               0x0800029b   Thumb Code     0  startup_stm32f10x_hd.o(.text)
    WWDG_IRQHandler                          0x0800029b   Thumb Code     0  startup_stm32f10x_hd.o(.text)
    __user_initial_stackheap                 0x0800029d   Thumb Code     0  startup_stm32f10x_hd.o(.text)
    malloc                                   0x080002c1   Thumb Code    94  h1_alloc.o(.text)
    vsprintf                                 0x08000321   Thumb Code    32  vsprintf.o(.text)
    __2sprintf                               0x08000345   Thumb Code    38  __2sprintf.o(.text)
    __2snprintf                              0x08000371   Thumb Code    50  __2snprintf.o(.text)
    _printf_pre_padding                      0x080003a9   Thumb Code    44  _printf_pad.o(.text)
    _printf_post_padding                     0x080003d5   Thumb Code    34  _printf_pad.o(.text)
    _printf_str                              0x080003f7   Thumb Code    82  _printf_str.o(.text)
    _printf_int_dec                          0x08000449   Thumb Code   104  _printf_dec.o(.text)
    __printf                                 0x080004c1   Thumb Code   388  __printf_flags_ss_wp.o(.text)
    __use_two_region_memory                  0x08000649   Thumb Code     2  heapauxi.o(.text)
    __rt_heap_escrow                         0x0800064b   Thumb Code     2  heapauxi.o(.text)
    __rt_heap_expand                         0x0800064d   Thumb Code     2  heapauxi.o(.text)
    __rt_heap_descriptor                     0x08000651   Thumb Code     8  rt_heap_descriptor_intlibspace.o(.text)
    __use_no_heap                            0x08000659   Thumb Code     2  hguard.o(.text)
    __heap$guard                             0x0800065b   Thumb Code     2  hguard.o(.text)
    _terminate_user_alloc                    0x0800065d   Thumb Code     2  init_alloc.o(.text)
    _init_user_alloc                         0x0800065f   Thumb Code     2  init_alloc.o(.text)
    __Heap_Full                              0x08000661   Thumb Code    34  init_alloc.o(.text)
    __Heap_Broken                            0x08000683   Thumb Code     6  init_alloc.o(.text)
    _init_alloc                              0x08000689   Thumb Code    94  init_alloc.o(.text)
    __Heap_Initialize                        0x080006e7   Thumb Code    10  h1_init.o(.text)
    __Heap_DescSize                          0x080006f1   Thumb Code     4  h1_init.o(.text)
    free                                     0x080006f5   Thumb Code    78  h1_free.o(.text)
    _printf_truncate_signed                  0x08000743   Thumb Code    18  _printf_truncate.o(.text)
    _printf_truncate_unsigned                0x08000755   Thumb Code    18  _printf_truncate.o(.text)
    _printf_int_common                       0x08000767   Thumb Code   178  _printf_intcommon.o(.text)
    _printf_charcount                        0x08000819   Thumb Code    40  _printf_charcount.o(.text)
    _printf_char_common                      0x0800084b   Thumb Code    32  _printf_char_common.o(.text)
    _sputc                                   0x08000871   Thumb Code    10  _sputc.o(.text)
    _snputc                                  0x0800087b   Thumb Code    16  _snputc.o(.text)
    _printf_cs_common                        0x0800088b   Thumb Code    20  _printf_char.o(.text)
    _printf_char                             0x0800089f   Thumb Code    16  _printf_char.o(.text)
    _printf_string                           0x080008af   Thumb Code     8  _printf_char.o(.text)
    _printf_wctomb                           0x080008b9   Thumb Code   182  _printf_wctomb.o(.text)
    _printf_longlong_dec                     0x08000975   Thumb Code   108  _printf_longlong_dec.o(.text)
    _printf_longlong_oct                     0x080009f1   Thumb Code    66  _printf_oct_int_ll.o(.text)
    _printf_int_oct                          0x08000a33   Thumb Code    24  _printf_oct_int_ll.o(.text)
    _printf_ll_oct                           0x08000a4b   Thumb Code    12  _printf_oct_int_ll.o(.text)
    _printf_longlong_hex                     0x08000a61   Thumb Code    86  _printf_hex_int_ll_ptr.o(.text)
    _printf_int_hex                          0x08000ab7   Thumb Code    28  _printf_hex_int_ll_ptr.o(.text)
    _printf_ll_hex                           0x08000ad3   Thumb Code    12  _printf_hex_int_ll_ptr.o(.text)
    _printf_hex_ptr                          0x08000adf   Thumb Code    18  _printf_hex_int_ll_ptr.o(.text)
    __user_libspace                          0x08000af5   Thumb Code     8  libspace.o(.text)
    __user_perproc_libspace                  0x08000af5   Thumb Code     0  libspace.o(.text)
    __user_perthread_libspace                0x08000af5   Thumb Code     0  libspace.o(.text)
    __Heap_ProvideMemory                     0x08000afd   Thumb Code    52  h1_extend.o(.text)
    _ll_udiv10                               0x08000b31   Thumb Code   138  lludiv10.o(.text)
    __lib_sel_fp_printf                      0x08000bbb   Thumb Code     2  _printf_fp_dec.o(.text)
    _printf_fp_dec_real                      0x08000d6d   Thumb Code   620  _printf_fp_dec.o(.text)
    _printf_fp_hex_real                      0x08000fd9   Thumb Code   756  _printf_fp_hex.o(.text)
    _printf_lcs_common                       0x080012d5   Thumb Code    20  _printf_wchar.o(.text)
    _printf_wchar                            0x080012e9   Thumb Code    16  _printf_wchar.o(.text)
    _printf_wstring                          0x080012f9   Thumb Code     8  _printf_wchar.o(.text)
    _wcrtomb                                 0x08001301   Thumb Code    64  _wcrtomb.o(.text)
    __rt_SIGRTMEM                            0x08001341   Thumb Code    14  defsig_rtmem_outer.o(.text)
    __I$use$semihosting                      0x0800134f   Thumb Code     0  use_no_semi.o(.text)
    __use_no_semihosting_swi                 0x0800134f   Thumb Code     2  use_no_semi.o(.text)
    __semihosting_library_function           0x08001351   Thumb Code     0  indicate_semi.o(.text)
    __user_setup_stackheap                   0x08001351   Thumb Code    74  sys_stackheap_outer.o(.text)
    __rt_ctype_table                         0x0800139d   Thumb Code    16  rt_ctype_table.o(.text)
    __rt_locale                              0x080013ad   Thumb Code     8  rt_locale_intlibspace.o(.text)
    _printf_fp_infnan                        0x080013b5   Thumb Code   112  _printf_fp_infnan.o(.text)
    _btod_etento                             0x08001435   Thumb Code   224  bigflt0.o(.text)
    exit                                     0x08001519   Thumb Code    18  exit.o(.text)
    __sig_exit                               0x0800152b   Thumb Code    10  defsig_exit.o(.text)
    __rt_SIGRTMEM_inner                      0x08001535   Thumb Code    22  defsig_rtmem_inner.o(.text)
    _sys_exit                                0x08001585   Thumb Code     8  sys_exit.o(.text)
    __default_signal_display                 0x08001591   Thumb Code    50  defsig_general.o(.text)
    strcmp                                   0x080015c5   Thumb Code   128  strcmpv7m.o(.text)
    _ttywrch                                 0x08001645   Thumb Code    14  sys_wrch.o(.text)
    _btod_d2e                                0x08001653   Thumb Code    62  btod.o(CL$$btod_d2e)
    _d2e_denorm_low                          0x08001691   Thumb Code    70  btod.o(CL$$btod_d2e_denorm_low)
    _d2e_norm_op1                            0x080016d7   Thumb Code    96  btod.o(CL$$btod_d2e_norm_op1)
    __btod_div_common                        0x08001737   Thumb Code   696  btod.o(CL$$btod_div_common)
    _e2e                                     0x08001a6f   Thumb Code   220  btod.o(CL$$btod_e2e)
    _btod_ediv                               0x08001b4b   Thumb Code    42  btod.o(CL$$btod_ediv)
    _btod_emul                               0x08001b75   Thumb Code    42  btod.o(CL$$btod_emul)
    __btod_mult_common                       0x08001b9f   Thumb Code   580  btod.o(CL$$btod_mult_common)
    BusFault_Handler                         0x08001de3   Thumb Code     4  stm32f10x_it.o(i.BusFault_Handler)
    CKPSends                                 0x08001de9   Thumb Code    44  ckp.o(i.CKPSends)
    ControlMechanicalClaw_serial             0x08001e19   Thumb Code    98  servo_serial.o(i.ControlMechanicalClaw_serial)
    ControlZAxis_serial                      0x08001e81   Thumb Code   210  servo_serial.o(i.ControlZAxis_serial)
    DebugMon_Handler                         0x08001f85   Thumb Code     2  stm32f10x_it.o(i.DebugMon_Handler)
    Emm_Init                                 0x08001f89   Thumb Code    38  emm.o(i.Emm_Init)
    Emm_V5_Pos_Control                       0x08001fb5   Thumb Code   110  emm.o(i.Emm_V5_Pos_Control)
    Emm_V5_Stop_Now                          0x08002029   Thumb Code    54  emm.o(i.Emm_V5_Stop_Now)
    Emm_V5_Synchronous_motion                0x08002065   Thumb Code    48  emm.o(i.Emm_V5_Synchronous_motion)
    Emm_V5_Vel_Control                       0x08002099   Thumb Code    80  emm.o(i.Emm_V5_Vel_Control)
    GPIO_Init                                0x080020ed   Thumb Code   278  stm32f10x_gpio.o(i.GPIO_Init)
    GPIO_ReadInputDataBit                    0x08002203   Thumb Code    18  stm32f10x_gpio.o(i.GPIO_ReadInputDataBit)
    GPIO_WriteBit                            0x08002215   Thumb Code    10  stm32f10x_gpio.o(i.GPIO_WriteBit)
    Grab_main                                0x0800221f   Thumb Code   258  serial.o(i.Grab_main)
    HC_SR04_Init                             0x08002321   Thumb Code    74  ultrasonic.o(i.HC_SR04_Init)
    HandleGarbage_not_single                 0x08002371   Thumb Code   304  serial.o(i.HandleGarbage_not_single)
    HandleGarbage_single                     0x080024b1   Thumb Code   148  serial.o(i.HandleGarbage_single)
    HardFault_Handler                        0x08002555   Thumb Code     4  stm32f10x_it.o(i.HardFault_Handler)
    InitializeMechanicalClaw_serial          0x08002559   Thumb Code    54  servo_serial.o(i.InitializeMechanicalClaw_serial)
    MemManage_Handler                        0x08002595   Thumb Code     4  stm32f10x_it.o(i.MemManage_Handler)
    NMI_Handler                              0x08002599   Thumb Code     2  stm32f10x_it.o(i.NMI_Handler)
    NVIC_Init                                0x0800259d   Thumb Code   100  misc.o(i.NVIC_Init)
    NVIC_PriorityGroupConfig                 0x0800260d   Thumb Code    10  misc.o(i.NVIC_PriorityGroupConfig)
    OLED_Clear                               0x08002621   Thumb Code    42  oled.o(i.OLED_Clear)
    OLED_I2C_Init                            0x0800264d   Thumb Code    76  oled.o(i.OLED_I2C_Init)
    OLED_I2C_SendByte                        0x0800269d   Thumb Code    80  oled.o(i.OLED_I2C_SendByte)
    OLED_I2C_Start                           0x080026f1   Thumb Code    48  oled.o(i.OLED_I2C_Start)
    OLED_I2C_Stop                            0x08002725   Thumb Code    36  oled.o(i.OLED_I2C_Stop)
    OLED_Init                                0x0800274d   Thumb Code   174  oled.o(i.OLED_Init)
    OLED_Pow                                 0x080027fb   Thumb Code    20  oled.o(i.OLED_Pow)
    OLED_SetCursor                           0x0800280f   Thumb Code    34  oled.o(i.OLED_SetCursor)
    OLED_ShowChar                            0x08002831   Thumb Code   110  oled.o(i.OLED_ShowChar)
    OLED_ShowHexNum                          0x080028a5   Thumb Code    84  oled.o(i.OLED_ShowHexNum)
    OLED_ShowLog                             0x080028f9   Thumb Code    24  emm.o(i.OLED_ShowLog)
    OLED_ShowNum                             0x08002911   Thumb Code    68  oled.o(i.OLED_ShowNum)
    OLED_ShowString                          0x08002955   Thumb Code    40  oled.o(i.OLED_ShowString)
    OLED_WriteCommand                        0x0800297d   Thumb Code    32  oled.o(i.OLED_WriteCommand)
    OLED_WriteData                           0x0800299d   Thumb Code    32  oled.o(i.OLED_WriteData)
    PWM_Init_PA1                             0x080029bd   Thumb Code   146  pwm.o(i.PWM_Init_PA1)
    PWM_Init_PA6_PA7                         0x08002a55   Thumb Code   168  pwm.o(i.PWM_Init_PA6_PA7)
    PWM_Init_PB0_PB1_PC6                     0x08002b05   Thumb Code   246  pwm.o(i.PWM_Init_PB0_PB1_PC6)
    PendSV_Handler                           0x08002c0d   Thumb Code     2  stm32f10x_it.o(i.PendSV_Handler)
    ProcessReceivedData                      0x08002c11   Thumb Code   520  serial.o(i.ProcessReceivedData)
    RCC_APB1PeriphClockCmd                   0x08002e49   Thumb Code    26  stm32f10x_rcc.o(i.RCC_APB1PeriphClockCmd)
    RCC_APB2PeriphClockCmd                   0x08002e69   Thumb Code    26  stm32f10x_rcc.o(i.RCC_APB2PeriphClockCmd)
    RCC_GetClocksFreq                        0x08002e89   Thumb Code   192  stm32f10x_rcc.o(i.RCC_GetClocksFreq)
    RealToPulse                              0x08002f5d   Thumb Code    72  emm.o(i.RealToPulse)
    ReleaseObject_serial                     0x08002fb5   Thumb Code    30  servo_serial.o(i.ReleaseObject_serial)
    RescueAction                             0x08002fd9   Thumb Code   134  servo_serial.o(i.RescueAction)
    SVC_Handler                              0x08003065   Thumb Code     2  stm32f10x_it.o(i.SVC_Handler)
    SendAllTrashCounts                       0x08003067   Thumb Code    40  ckp.o(i.SendAllTrashCounts)
    SendDaiJi                                0x08003091   Thumb Code    12  ckp.o(i.SendDaiJi)
    SendSort                                 0x080030ad   Thumb Code    24  ckp.o(i.SendSort)
    SendSuccess                              0x080030dd   Thumb Code    18  ckp.o(i.SendSuccess)
    SendT1                                   0x08003101   Thumb Code    24  ckp.o(i.SendT1)
    SendT2                                   0x08003131   Thumb Code    24  ckp.o(i.SendT2)
    SendT3                                   0x08003161   Thumb Code    24  ckp.o(i.SendT3)
    SendT4                                   0x08003191   Thumb Code    24  ckp.o(i.SendT4)
    SendView                                 0x080031c1   Thumb Code    12  ckp.o(i.SendView)
    Send_NUM_s                               0x080031dd   Thumb Code    24  ckp.o(i.Send_NUM_s)
    Send_amount                              0x0800320d   Thumb Code    24  ckp.o(i.Send_amount)
    Serial_GetRxFlag                         0x0800323d   Thumb Code    54  serial.o(i.Serial_GetRxFlag)
    Serial_Printf                            0x08003285   Thumb Code    42  serial.o(i.Serial_Printf)
    Serial_SendArray                         0x080032af   Thumb Code    34  serial.o(i.Serial_SendArray)
    Serial_SendByte                          0x080032d1   Thumb Code    30  serial.o(i.Serial_SendByte)
    Serial_SendRestart                       0x080032f1   Thumb Code    24  serial.o(i.Serial_SendRestart)
    Serial_SendString                        0x08003311   Thumb Code    30  serial.o(i.Serial_SendString)
    Serial_SendSuccess                       0x08003331   Thumb Code    24  serial.o(i.Serial_SendSuccess)
    Servo_Init                               0x08003351   Thumb Code    16  servo.o(i.Servo_Init)
    SysTick_CLKSourceConfig                  0x08003449   Thumb Code    40  misc.o(i.SysTick_CLKSourceConfig)
    SysTick_Handler                          0x08003471   Thumb Code     2  stm32f10x_it.o(i.SysTick_Handler)
    SystemInit                               0x08003475   Thumb Code    78  system_stm32f10x.o(i.SystemInit)
    TIM5_IRQHandler                          0x080034d5   Thumb Code    40  ultrasonic.o(i.TIM5_IRQHandler)
    TIM_ClearITPendingBit                    0x08003505   Thumb Code     6  stm32f10x_tim.o(i.TIM_ClearITPendingBit)
    TIM_Cmd                                  0x0800350b   Thumb Code    24  stm32f10x_tim.o(i.TIM_Cmd)
    TIM_CtrlPWMOutputs                       0x08003523   Thumb Code    30  stm32f10x_tim.o(i.TIM_CtrlPWMOutputs)
    TIM_GetITStatus                          0x08003541   Thumb Code    34  stm32f10x_tim.o(i.TIM_GetITStatus)
    TIM_InternalClockConfig                  0x08003563   Thumb Code    12  stm32f10x_tim.o(i.TIM_InternalClockConfig)
    TIM_OC1Init                              0x08003571   Thumb Code   132  stm32f10x_tim.o(i.TIM_OC1Init)
    TIM_OC1PreloadConfig                     0x08003609   Thumb Code    18  stm32f10x_tim.o(i.TIM_OC1PreloadConfig)
    TIM_OC2Init                              0x0800361d   Thumb Code   154  stm32f10x_tim.o(i.TIM_OC2Init)
    TIM_OC3Init                              0x080036c1   Thumb Code   150  stm32f10x_tim.o(i.TIM_OC3Init)
    TIM_OC3PreloadConfig                     0x08003761   Thumb Code    18  stm32f10x_tim.o(i.TIM_OC3PreloadConfig)
    TIM_OC4Init                              0x08003775   Thumb Code   114  stm32f10x_tim.o(i.TIM_OC4Init)
    TIM_OC4PreloadConfig                     0x080037f1   Thumb Code    26  stm32f10x_tim.o(i.TIM_OC4PreloadConfig)
    TIM_OCStructInit                         0x0800380b   Thumb Code    20  stm32f10x_tim.o(i.TIM_OCStructInit)
    TIM_TimeBaseInit                         0x08003821   Thumb Code   122  stm32f10x_tim.o(i.TIM_TimeBaseInit)
    TiltTray_Serial                          0x080038c5   Thumb Code   172  servo_serial.o(i.TiltTray_Serial)
    TiltTray_Serial_zhua                     0x08003989   Thumb Code   136  servo_serial.o(i.TiltTray_Serial_zhua)
    USART1_IRQHandler                        0x08003a25   Thumb Code    14  serial.o(i.USART1_IRQHandler)
    USART_ClearITPendingBit                  0x08003a41   Thumb Code    30  stm32f10x_usart.o(i.USART_ClearITPendingBit)
    USART_Cmd                                0x08003a5f   Thumb Code    24  stm32f10x_usart.o(i.USART_Cmd)
    USART_GetFlagStatus                      0x08003a77   Thumb Code    26  stm32f10x_usart.o(i.USART_GetFlagStatus)
    USART_GetITStatus                        0x08003a91   Thumb Code    84  stm32f10x_usart.o(i.USART_GetITStatus)
    USART_IRQHandler                         0x08003ae5   Thumb Code   212  serial.o(i.USART_IRQHandler)
    USART_ITConfig                           0x08003bc5   Thumb Code    74  stm32f10x_usart.o(i.USART_ITConfig)
    USART_Init                               0x08003c11   Thumb Code   210  stm32f10x_usart.o(i.USART_Init)
    USART_ReceiveData                        0x08003ce9   Thumb Code    10  stm32f10x_usart.o(i.USART_ReceiveData)
    USART_SendData                           0x08003cf3   Thumb Code     8  stm32f10x_usart.o(i.USART_SendData)
    USART_StructInit                         0x08003cfb   Thumb Code    24  stm32f10x_usart.o(i.USART_StructInit)
    UsageFault_Handler                       0x08003d13   Thumb Code     4  stm32f10x_it.o(i.UsageFault_Handler)
    XY_GO                                    0x08003d17   Thumb Code    26  emm.o(i.XY_GO)
    XY_GO_0                                  0x08003d31   Thumb Code   260  emm.o(i.XY_GO_0)
    X_GO_2                                   0x08003efd   Thumb Code    92  emm.o(i.X_GO_2)
    Y_GO_2                                   0x08003f59   Thumb Code    92  emm.o(i.Y_GO_2)
    __ARM_fpclassify                         0x08003fb5   Thumb Code    40  fpclassify.o(i.__ARM_fpclassify)
    _is_digit                                0x08003fdd   Thumb Code    14  __printf_wp.o(i._is_digit)
    angle_to_pwm_180                         0x08003feb   Thumb Code    46  servo_serial.o(i.angle_to_pwm_180)
    angle_to_pwm_270                         0x08004019   Thumb Code    48  servo_serial.o(i.angle_to_pwm_270)
    constrain_serial                         0x08004049   Thumb Code    22  servo_serial.o(i.constrain_serial)
    delay_init                               0x08004061   Thumb Code    50  delay.o(i.delay_init)
    delay_ms                                 0x080040a5   Thumb Code    72  delay.o(i.delay_ms)
    delay_us                                 0x080040f1   Thumb Code    72  delay.o(i.delay_us)
    get_coordinate                           0x0800413d   Thumb Code    78  serial.o(i.get_coordinate)
    main                                     0x0800418d   Thumb Code   222  main.o(i.main)
    map_camera_real_phase                    0x080042ad   Thumb Code   112  serial.o(i.map_camera_real_phase)
    map_serial                               0x0800431d   Thumb Code    22  servo_serial.o(i.map_serial)
    map_serial_1                             0x08004333   Thumb Code    22  serial.o(i.map_serial_1)
    send_multiple_servo_commands             0x08004349   Thumb Code    30  servo_serial.o(i.send_multiple_servo_commands)
    send_servo_command                       0x08004375   Thumb Code    68  servo_serial.o(i.send_servo_command)
    usart1_init                              0x080043d1   Thumb Code   176  serial_5.o(i.usart1_init)
    usart2_init                              0x08004489   Thumb Code   124  serial_5.o(i.usart2_init)
    usart3_init                              0x0800450d   Thumb Code   128  serial_5.o(i.usart3_init)
    usart4_init                              0x08004595   Thumb Code   128  serial_5.o(i.usart4_init)
    usart5_init                              0x0800461d   Thumb Code   134  serial_5.o(i.usart5_init)
    _get_lc_numeric                          0x080046b1   Thumb Code    44  lc_numeric_c.o(locale$$code)
    _get_lc_ctype                            0x080046dd   Thumb Code    44  lc_ctype_c.o(locale$$code)
    __aeabi_d2f                              0x08004709   Thumb Code     0  d2f.o(x$fpl$d2f)
    _d2f                                     0x08004709   Thumb Code    98  d2f.o(x$fpl$d2f)
    __fpl_dnaninf                            0x0800476b   Thumb Code   156  dnaninf.o(x$fpl$dnaninf)
    __fpl_dretinf                            0x08004807   Thumb Code    12  dretinf.o(x$fpl$dretinf)
    __aeabi_f2d                              0x08004815   Thumb Code     0  f2d.o(x$fpl$f2d)
    _f2d                                     0x08004815   Thumb Code    86  f2d.o(x$fpl$f2d)
    __aeabi_fadd                             0x0800486d   Thumb Code     0  faddsub_clz.o(x$fpl$fadd)
    _fadd                                    0x0800486d   Thumb Code   196  faddsub_clz.o(x$fpl$fadd)
    __fpl_fcmp_Inf                           0x08004931   Thumb Code    24  fcmpi.o(x$fpl$fcmpinf)
    __aeabi_fdiv                             0x08004949   Thumb Code     0  fdiv.o(x$fpl$fdiv)
    _fdiv                                    0x08004949   Thumb Code   384  fdiv.o(x$fpl$fdiv)
    __aeabi_cfcmpeq                          0x08004acd   Thumb Code     0  feqf.o(x$fpl$feqf)
    _fcmpeq                                  0x08004acd   Thumb Code   104  feqf.o(x$fpl$feqf)
    __aeabi_f2iz                             0x08004b35   Thumb Code     0  ffix.o(x$fpl$ffix)
    _ffix                                    0x08004b35   Thumb Code    54  ffix.o(x$fpl$ffix)
    __aeabi_f2uiz                            0x08004b6d   Thumb Code     0  ffixu.o(x$fpl$ffixu)
    _ffixu                                   0x08004b6d   Thumb Code    62  ffixu.o(x$fpl$ffixu)
    __aeabi_i2f                              0x08004bad   Thumb Code     0  fflt_clz.o(x$fpl$fflt)
    _fflt                                    0x08004bad   Thumb Code    48  fflt_clz.o(x$fpl$fflt)
    __aeabi_ui2f                             0x08004bdd   Thumb Code     0  fflt_clz.o(x$fpl$ffltu)
    _ffltu                                   0x08004bdd   Thumb Code    38  fflt_clz.o(x$fpl$ffltu)
    __aeabi_cfcmple                          0x08004c05   Thumb Code     0  fleqf.o(x$fpl$fleqf)
    _fcmple                                  0x08004c05   Thumb Code   104  fleqf.o(x$fpl$fleqf)
    __fpl_fcmple_InfNaN                      0x08004c57   Thumb Code     0  fleqf.o(x$fpl$fleqf)
    __aeabi_fmul                             0x08004c6d   Thumb Code     0  fmul.o(x$fpl$fmul)
    _fmul                                    0x08004c6d   Thumb Code   258  fmul.o(x$fpl$fmul)
    __fpl_fnaninf                            0x08004d6f   Thumb Code   140  fnaninf.o(x$fpl$fnaninf)
    __fpl_fretinf                            0x08004dfb   Thumb Code    10  fretinf.o(x$fpl$fretinf)
    __aeabi_fsub                             0x08004e05   Thumb Code     0  faddsub_clz.o(x$fpl$fsub)
    _fsub                                    0x08004e05   Thumb Code   234  faddsub_clz.o(x$fpl$fsub)
    _printf_fp_dec                           0x08004eef   Thumb Code     4  printf1.o(x$fpl$printf1)
    _printf_fp_hex                           0x08004ef3   Thumb Code     4  printf2.o(x$fpl$printf2)
    OLED_F8x16                               0x08004ef6   Data        1520  oled.o(.constdata)
    __I$use$fp                               0x08004ef6   Number         0  usenofp.o(x$fpl$usenofp)
    Region$$Table$$Base                      0x080055e4   Number         0  anon$$obj.o(Region$$Table)
    Region$$Table$$Limit                     0x08005604   Number         0  anon$$obj.o(Region$$Table)
    __ctype                                  0x0800562d   Data           0  lc_ctype_c.o(locale$$data)
    SystemCoreClock                          0x20000000   Data           4  system_stm32f10x.o(.data)
    AHBPrescTable                            0x20000004   Data          16  system_stm32f10x.o(.data)
    direction_A                              0x2000002c   Data           2  serial.o(.data)
    direction_B                              0x2000002e   Data           2  serial.o(.data)
    direction_C                              0x20000030   Data           2  serial.o(.data)
    direction_D                              0x20000032   Data           2  serial.o(.data)
    Serial_RxFlag                            0x20000034   Data           1  serial.o(.data)
    Serial_RxFlag_USART1                     0x20000035   Data           1  serial.o(.data)
    Serial_RxFlag_USART2                     0x20000036   Data           1  serial.o(.data)
    NUM_s                                    0x20000038   Data           2  serial.o(.data)
    time                                     0x20000058   Data           8  ultrasonic.o(.data)
    time_end                                 0x20000060   Data           8  ultrasonic.o(.data)
    X                                        0x20000072   Data           2  emm.o(.data)
    Y                                        0x20000074   Data           2  emm.o(.data)
    XianWei_Flag                             0x20000076   Data           1  emm.o(.data)
    X_LimitCount                             0x20000078   Data           2  emm.o(.data)
    Y_LimitCount                             0x2000007a   Data           2  emm.o(.data)
    TIME                                     0x2000007c   Data           2  servo_serial.o(.data)
    Serial_TxPacket                          0x20000080   Data          13  serial.o(.bss)
    Serial_RxPacket_USART1                   0x2000008d   Data          13  serial.o(.bss)
    Serial_RxPacket_USART2                   0x2000009a   Data          13  serial.o(.bss)
    Usart_hmi_Trasmt                         0x200000a7   Data          20  ckp.o(.bss)
    tjcstr                                   0x200000bb   Data         200  ckp.o(.bss)
    tjcstr2                                  0x20000183   Data         200  ckp.o(.bss)
    zhongjian                                0x2000024b   Data         100  ckp.o(.bss)
    __libspace_start                         0x200002b0   Data          96  libspace.o(.bss)
    __temporary_stack_top$libspace           0x20000310   Data           0  libspace.o(.bss)



==============================================================================

Memory Map of the image

  Image Entry point : 0x08000131

  Load Region LR_IROM1 (Base: 0x08000000, Size: 0x000057b0, Max: 0x00080000, ABSOLUTE)

    Execution Region ER_IROM1 (Exec base: 0x08000000, Load base: 0x08000000, Size: 0x00005730, Max: 0x00080000, ABSOLUTE)

    Exec Addr    Load Addr    Size         Type   Attr      Idx    E Section Name        Object

    0x08000000   0x08000000   0x00000130   Data   RO           19    RESET               startup_stm32f10x_hd.o
    0x08000130   0x08000130   0x00000008   Code   RO         4640  * !!!main             c_w.l(__main.o)
    0x08000138   0x08000138   0x00000034   Code   RO         5044    !!!scatter          c_w.l(__scatter.o)
    0x0800016c   0x0800016c   0x0000001a   Code   RO         5046    !!handler_copy      c_w.l(__scatter_copy.o)
    0x08000186   0x08000186   0x00000002   PAD
    0x08000188   0x08000188   0x0000001c   Code   RO         5048    !!handler_zi        c_w.l(__scatter_zi.o)
    0x080001a4   0x080001a4   0x00000000   Code   RO         4635    .ARM.Collect$$_printf_percent$$00000000  c_w.l(_printf_percent.o)
    0x080001a4   0x080001a4   0x00000006   Code   RO         4767    .ARM.Collect$$_printf_percent$$00000001  c_w.l(_printf_n.o)
    0x080001aa   0x080001aa   0x00000006   Code   RO         4769    .ARM.Collect$$_printf_percent$$00000002  c_w.l(_printf_p.o)
    0x080001b0   0x080001b0   0x00000006   Code   RO         4773    .ARM.Collect$$_printf_percent$$00000003  c_w.l(_printf_f.o)
    0x080001b6   0x080001b6   0x00000006   Code   RO         4774    .ARM.Collect$$_printf_percent$$00000004  c_w.l(_printf_e.o)
    0x080001bc   0x080001bc   0x00000006   Code   RO         4775    .ARM.Collect$$_printf_percent$$00000005  c_w.l(_printf_g.o)
    0x080001c2   0x080001c2   0x00000006   Code   RO         4776    .ARM.Collect$$_printf_percent$$00000006  c_w.l(_printf_a.o)
    0x080001c8   0x080001c8   0x0000000a   Code   RO         4781    .ARM.Collect$$_printf_percent$$00000007  c_w.l(_printf_ll.o)
    0x080001d2   0x080001d2   0x00000006   Code   RO         4771    .ARM.Collect$$_printf_percent$$00000008  c_w.l(_printf_i.o)
    0x080001d8   0x080001d8   0x00000006   Code   RO         4634    .ARM.Collect$$_printf_percent$$00000009  c_w.l(_printf_d.o)
    0x080001de   0x080001de   0x00000006   Code   RO         4772    .ARM.Collect$$_printf_percent$$0000000A  c_w.l(_printf_u.o)
    0x080001e4   0x080001e4   0x00000006   Code   RO         4770    .ARM.Collect$$_printf_percent$$0000000B  c_w.l(_printf_o.o)
    0x080001ea   0x080001ea   0x00000006   Code   RO         4768    .ARM.Collect$$_printf_percent$$0000000C  c_w.l(_printf_x.o)
    0x080001f0   0x080001f0   0x00000006   Code   RO         4778    .ARM.Collect$$_printf_percent$$0000000D  c_w.l(_printf_lli.o)
    0x080001f6   0x080001f6   0x00000006   Code   RO         4779    .ARM.Collect$$_printf_percent$$0000000E  c_w.l(_printf_lld.o)
    0x080001fc   0x080001fc   0x00000006   Code   RO         4780    .ARM.Collect$$_printf_percent$$0000000F  c_w.l(_printf_llu.o)
    0x08000202   0x08000202   0x00000006   Code   RO         4785    .ARM.Collect$$_printf_percent$$00000010  c_w.l(_printf_llo.o)
    0x08000208   0x08000208   0x00000006   Code   RO         4786    .ARM.Collect$$_printf_percent$$00000011  c_w.l(_printf_llx.o)
    0x0800020e   0x0800020e   0x0000000a   Code   RO         4782    .ARM.Collect$$_printf_percent$$00000012  c_w.l(_printf_l.o)
    0x08000218   0x08000218   0x00000006   Code   RO         4766    .ARM.Collect$$_printf_percent$$00000013  c_w.l(_printf_c.o)
    0x0800021e   0x0800021e   0x00000006   Code   RO         4633    .ARM.Collect$$_printf_percent$$00000014  c_w.l(_printf_s.o)
    0x08000224   0x08000224   0x00000006   Code   RO         4783    .ARM.Collect$$_printf_percent$$00000015  c_w.l(_printf_lc.o)
    0x0800022a   0x0800022a   0x00000006   Code   RO         4784    .ARM.Collect$$_printf_percent$$00000016  c_w.l(_printf_ls.o)
    0x08000230   0x08000230   0x00000004   Code   RO         4777    .ARM.Collect$$_printf_percent$$00000017  c_w.l(_printf_percent_end.o)
    0x08000234   0x08000234   0x00000002   Code   RO         4974    .ARM.Collect$$libinit$$00000000  c_w.l(libinit.o)
    0x08000236   0x08000236   0x00000000   Code   RO         4792    .ARM.Collect$$libinit$$00000002  c_w.l(libinit2.o)
    0x08000236   0x08000236   0x00000000   Code   RO         4794    .ARM.Collect$$libinit$$00000004  c_w.l(libinit2.o)
    0x08000236   0x08000236   0x00000008   Code   RO         4795    .ARM.Collect$$libinit$$00000005  c_w.l(libinit2.o)
    0x0800023e   0x0800023e   0x00000000   Code   RO         4797    .ARM.Collect$$libinit$$0000000A  c_w.l(libinit2.o)
    0x0800023e   0x0800023e   0x00000000   Code   RO         4799    .ARM.Collect$$libinit$$0000000C  c_w.l(libinit2.o)
    0x0800023e   0x0800023e   0x00000000   Code   RO         4801    .ARM.Collect$$libinit$$0000000E  c_w.l(libinit2.o)
    0x0800023e   0x0800023e   0x00000006   Code   RO         4802    .ARM.Collect$$libinit$$0000000F  c_w.l(libinit2.o)
    0x08000244   0x08000244   0x00000000   Code   RO         4804    .ARM.Collect$$libinit$$00000011  c_w.l(libinit2.o)
    0x08000244   0x08000244   0x0000000c   Code   RO         4805    .ARM.Collect$$libinit$$00000012  c_w.l(libinit2.o)
    0x08000250   0x08000250   0x00000000   Code   RO         4806    .ARM.Collect$$libinit$$00000013  c_w.l(libinit2.o)
    0x08000250   0x08000250   0x00000000   Code   RO         4808    .ARM.Collect$$libinit$$00000015  c_w.l(libinit2.o)
    0x08000250   0x08000250   0x0000000a   Code   RO         4809    .ARM.Collect$$libinit$$00000016  c_w.l(libinit2.o)
    0x0800025a   0x0800025a   0x00000000   Code   RO         4810    .ARM.Collect$$libinit$$00000017  c_w.l(libinit2.o)
    0x0800025a   0x0800025a   0x00000000   Code   RO         4812    .ARM.Collect$$libinit$$00000019  c_w.l(libinit2.o)
    0x0800025a   0x0800025a   0x00000000   Code   RO         4814    .ARM.Collect$$libinit$$0000001B  c_w.l(libinit2.o)
    0x0800025a   0x0800025a   0x00000000   Code   RO         4816    .ARM.Collect$$libinit$$0000001D  c_w.l(libinit2.o)
    0x0800025a   0x0800025a   0x00000000   Code   RO         4818    .ARM.Collect$$libinit$$0000001F  c_w.l(libinit2.o)
    0x0800025a   0x0800025a   0x00000000   Code   RO         4820    .ARM.Collect$$libinit$$00000021  c_w.l(libinit2.o)
    0x0800025a   0x0800025a   0x00000000   Code   RO         4822    .ARM.Collect$$libinit$$00000023  c_w.l(libinit2.o)
    0x0800025a   0x0800025a   0x00000000   Code   RO         4824    .ARM.Collect$$libinit$$00000025  c_w.l(libinit2.o)
    0x0800025a   0x0800025a   0x00000000   Code   RO         4828    .ARM.Collect$$libinit$$0000002C  c_w.l(libinit2.o)
    0x0800025a   0x0800025a   0x00000000   Code   RO         4830    .ARM.Collect$$libinit$$0000002E  c_w.l(libinit2.o)
    0x0800025a   0x0800025a   0x00000000   Code   RO         4832    .ARM.Collect$$libinit$$00000030  c_w.l(libinit2.o)
    0x0800025a   0x0800025a   0x00000000   Code   RO         4834    .ARM.Collect$$libinit$$00000032  c_w.l(libinit2.o)
    0x0800025a   0x0800025a   0x00000002   Code   RO         4835    .ARM.Collect$$libinit$$00000033  c_w.l(libinit2.o)
    0x0800025c   0x0800025c   0x00000002   Code   RO         5041    .ARM.Collect$$libshutdown$$00000000  c_w.l(libshutdown.o)
    0x0800025e   0x0800025e   0x00000000   Code   RO         4999    .ARM.Collect$$libshutdown$$00000002  c_w.l(libshutdown2.o)
    0x0800025e   0x0800025e   0x00000000   Code   RO         5001    .ARM.Collect$$libshutdown$$00000004  c_w.l(libshutdown2.o)
    0x0800025e   0x0800025e   0x00000000   Code   RO         5004    .ARM.Collect$$libshutdown$$00000007  c_w.l(libshutdown2.o)
    0x0800025e   0x0800025e   0x00000000   Code   RO         5007    .ARM.Collect$$libshutdown$$0000000A  c_w.l(libshutdown2.o)
    0x0800025e   0x0800025e   0x00000000   Code   RO         5009    .ARM.Collect$$libshutdown$$0000000C  c_w.l(libshutdown2.o)
    0x0800025e   0x0800025e   0x00000000   Code   RO         5012    .ARM.Collect$$libshutdown$$0000000F  c_w.l(libshutdown2.o)
    0x0800025e   0x0800025e   0x00000002   Code   RO         5013    .ARM.Collect$$libshutdown$$00000010  c_w.l(libshutdown2.o)
    0x08000260   0x08000260   0x00000000   Code   RO         4684    .ARM.Collect$$rtentry$$00000000  c_w.l(__rtentry.o)
    0x08000260   0x08000260   0x00000000   Code   RO         4861    .ARM.Collect$$rtentry$$00000002  c_w.l(__rtentry2.o)
    0x08000260   0x08000260   0x00000006   Code   RO         4873    .ARM.Collect$$rtentry$$00000004  c_w.l(__rtentry4.o)
    0x08000266   0x08000266   0x00000000   Code   RO         4863    .ARM.Collect$$rtentry$$00000009  c_w.l(__rtentry2.o)
    0x08000266   0x08000266   0x00000004   Code   RO         4864    .ARM.Collect$$rtentry$$0000000A  c_w.l(__rtentry2.o)
    0x0800026a   0x0800026a   0x00000000   Code   RO         4866    .ARM.Collect$$rtentry$$0000000C  c_w.l(__rtentry2.o)
    0x0800026a   0x0800026a   0x00000008   Code   RO         4867    .ARM.Collect$$rtentry$$0000000D  c_w.l(__rtentry2.o)
    0x08000272   0x08000272   0x00000002   Code   RO         4981    .ARM.Collect$$rtexit$$00000000  c_w.l(rtexit.o)
    0x08000274   0x08000274   0x00000000   Code   RO         5017    .ARM.Collect$$rtexit$$00000002  c_w.l(rtexit2.o)
    0x08000274   0x08000274   0x00000004   Code   RO         5018    .ARM.Collect$$rtexit$$00000003  c_w.l(rtexit2.o)
    0x08000278   0x08000278   0x00000006   Code   RO         5019    .ARM.Collect$$rtexit$$00000004  c_w.l(rtexit2.o)
    0x0800027e   0x0800027e   0x00000002   PAD
    0x08000280   0x08000280   0x00000000   Code   RO         4879    .emb_text           c_w.l(maybetermalloc1.o)
    0x08000280   0x08000280   0x00000040   Code   RO           20    .text               startup_stm32f10x_hd.o
    0x080002c0   0x080002c0   0x0000005e   Code   RO         4537    .text               c_w.l(h1_alloc.o)
    0x0800031e   0x0800031e   0x00000002   PAD
    0x08000320   0x08000320   0x00000024   Code   RO         4593    .text               c_w.l(vsprintf.o)
    0x08000344   0x08000344   0x0000002c   Code   RO         4597    .text               c_w.l(__2sprintf.o)
    0x08000370   0x08000370   0x00000038   Code   RO         4599    .text               c_w.l(__2snprintf.o)
    0x080003a8   0x080003a8   0x0000004e   Code   RO         4607    .text               c_w.l(_printf_pad.o)
    0x080003f6   0x080003f6   0x00000052   Code   RO         4609    .text               c_w.l(_printf_str.o)
    0x08000448   0x08000448   0x00000078   Code   RO         4611    .text               c_w.l(_printf_dec.o)
    0x080004c0   0x080004c0   0x00000188   Code   RO         4630    .text               c_w.l(__printf_flags_ss_wp.o)
    0x08000648   0x08000648   0x00000006   Code   RO         4638    .text               c_w.l(heapauxi.o)
    0x0800064e   0x0800064e   0x00000002   PAD
    0x08000650   0x08000650   0x00000008   Code   RO         4692    .text               c_w.l(rt_heap_descriptor_intlibspace.o)
    0x08000658   0x08000658   0x00000004   Code   RO         4694    .text               c_w.l(hguard.o)
    0x0800065c   0x0800065c   0x0000008a   Code   RO         4696    .text               c_w.l(init_alloc.o)
    0x080006e6   0x080006e6   0x0000000e   Code   RO         4702    .text               c_w.l(h1_init.o)
    0x080006f4   0x080006f4   0x0000004e   Code   RO         4704    .text               c_w.l(h1_free.o)
    0x08000742   0x08000742   0x00000024   Code   RO         4720    .text               c_w.l(_printf_truncate.o)
    0x08000766   0x08000766   0x000000b2   Code   RO         4722    .text               c_w.l(_printf_intcommon.o)
    0x08000818   0x08000818   0x00000028   Code   RO         4724    .text               c_w.l(_printf_charcount.o)
    0x08000840   0x08000840   0x00000030   Code   RO         4726    .text               c_w.l(_printf_char_common.o)
    0x08000870   0x08000870   0x0000000a   Code   RO         4728    .text               c_w.l(_sputc.o)
    0x0800087a   0x0800087a   0x00000010   Code   RO         4730    .text               c_w.l(_snputc.o)
    0x0800088a   0x0800088a   0x0000002c   Code   RO         4732    .text               c_w.l(_printf_char.o)
    0x080008b6   0x080008b6   0x00000002   PAD
    0x080008b8   0x080008b8   0x000000bc   Code   RO         4734    .text               c_w.l(_printf_wctomb.o)
    0x08000974   0x08000974   0x0000007c   Code   RO         4737    .text               c_w.l(_printf_longlong_dec.o)
    0x080009f0   0x080009f0   0x00000070   Code   RO         4743    .text               c_w.l(_printf_oct_int_ll.o)
    0x08000a60   0x08000a60   0x00000094   Code   RO         4763    .text               c_w.l(_printf_hex_int_ll_ptr.o)
    0x08000af4   0x08000af4   0x00000008   Code   RO         4857    .text               c_w.l(libspace.o)
    0x08000afc   0x08000afc   0x00000034   Code   RO         4881    .text               c_w.l(h1_extend.o)
    0x08000b30   0x08000b30   0x0000008a   Code   RO         4885    .text               c_w.l(lludiv10.o)
    0x08000bba   0x08000bba   0x0000041e   Code   RO         4887    .text               c_w.l(_printf_fp_dec.o)
    0x08000fd8   0x08000fd8   0x000002fc   Code   RO         4889    .text               c_w.l(_printf_fp_hex.o)
    0x080012d4   0x080012d4   0x0000002c   Code   RO         4894    .text               c_w.l(_printf_wchar.o)
    0x08001300   0x08001300   0x00000040   Code   RO         4896    .text               c_w.l(_wcrtomb.o)
    0x08001340   0x08001340   0x0000000e   Code   RO         4898    .text               c_w.l(defsig_rtmem_outer.o)
    0x0800134e   0x0800134e   0x00000002   Code   RO         4909    .text               c_w.l(use_no_semi.o)
    0x08001350   0x08001350   0x00000000   Code   RO         4911    .text               c_w.l(indicate_semi.o)
    0x08001350   0x08001350   0x0000004a   Code   RO         4912    .text               c_w.l(sys_stackheap_outer.o)
    0x0800139a   0x0800139a   0x00000002   PAD
    0x0800139c   0x0800139c   0x00000010   Code   RO         4914    .text               c_w.l(rt_ctype_table.o)
    0x080013ac   0x080013ac   0x00000008   Code   RO         4921    .text               c_w.l(rt_locale_intlibspace.o)
    0x080013b4   0x080013b4   0x00000080   Code   RO         4925    .text               c_w.l(_printf_fp_infnan.o)
    0x08001434   0x08001434   0x000000e4   Code   RO         4927    .text               c_w.l(bigflt0.o)
    0x08001518   0x08001518   0x00000012   Code   RO         4955    .text               c_w.l(exit.o)
    0x0800152a   0x0800152a   0x0000000a   Code   RO         4957    .text               c_w.l(defsig_exit.o)
    0x08001534   0x08001534   0x00000050   Code   RO         4963    .text               c_w.l(defsig_rtmem_inner.o)
    0x08001584   0x08001584   0x0000000c   Code   RO         4979    .text               c_w.l(sys_exit.o)
    0x08001590   0x08001590   0x00000032   Code   RO         4992    .text               c_w.l(defsig_general.o)
    0x080015c2   0x080015c2   0x00000002   PAD
    0x080015c4   0x080015c4   0x00000080   Code   RO         4996    .text               c_w.l(strcmpv7m.o)
    0x08001644   0x08001644   0x0000000e   Code   RO         5014    .text               c_w.l(sys_wrch.o)
    0x08001652   0x08001652   0x0000003e   Code   RO         4930    CL$$btod_d2e        c_w.l(btod.o)
    0x08001690   0x08001690   0x00000046   Code   RO         4932    CL$$btod_d2e_denorm_low  c_w.l(btod.o)
    0x080016d6   0x080016d6   0x00000060   Code   RO         4931    CL$$btod_d2e_norm_op1  c_w.l(btod.o)
    0x08001736   0x08001736   0x00000338   Code   RO         4940    CL$$btod_div_common  c_w.l(btod.o)
    0x08001a6e   0x08001a6e   0x000000dc   Code   RO         4937    CL$$btod_e2e        c_w.l(btod.o)
    0x08001b4a   0x08001b4a   0x0000002a   Code   RO         4934    CL$$btod_ediv       c_w.l(btod.o)
    0x08001b74   0x08001b74   0x0000002a   Code   RO         4933    CL$$btod_emul       c_w.l(btod.o)
    0x08001b9e   0x08001b9e   0x00000244   Code   RO         4939    CL$$btod_mult_common  c_w.l(btod.o)
    0x08001de2   0x08001de2   0x00000004   Code   RO         3333    i.BusFault_Handler  stm32f10x_it.o
    0x08001de6   0x08001de6   0x00000002   PAD
    0x08001de8   0x08001de8   0x00000030   Code   RO         3912    i.CKPSends          ckp.o
    0x08001e18   0x08001e18   0x00000068   Code   RO         4428    i.ControlMechanicalClaw_serial  servo_serial.o
    0x08001e80   0x08001e80   0x00000104   Code   RO         4430    i.ControlZAxis_serial  servo_serial.o
    0x08001f84   0x08001f84   0x00000002   Code   RO         3334    i.DebugMon_Handler  stm32f10x_it.o
    0x08001f86   0x08001f86   0x00000002   PAD
    0x08001f88   0x08001f88   0x0000002c   Code   RO         4250    i.Emm_Init          emm.o
    0x08001fb4   0x08001fb4   0x00000074   Code   RO         4252    i.Emm_V5_Pos_Control  emm.o
    0x08002028   0x08002028   0x0000003c   Code   RO         4254    i.Emm_V5_Stop_Now   emm.o
    0x08002064   0x08002064   0x00000034   Code   RO         4255    i.Emm_V5_Synchronous_motion  emm.o
    0x08002098   0x08002098   0x00000054   Code   RO         4256    i.Emm_V5_Vel_Control  emm.o
    0x080020ec   0x080020ec   0x00000116   Code   RO         1347    i.GPIO_Init         stm32f10x_gpio.o
    0x08002202   0x08002202   0x00000012   Code   RO         1351    i.GPIO_ReadInputDataBit  stm32f10x_gpio.o
    0x08002214   0x08002214   0x0000000a   Code   RO         1358    i.GPIO_WriteBit     stm32f10x_gpio.o
    0x0800221e   0x0800221e   0x00000102   Code   RO         3660    i.Grab_main         serial.o
    0x08002320   0x08002320   0x00000050   Code   RO         3830    i.HC_SR04_Init      ultrasonic.o
    0x08002370   0x08002370   0x00000140   Code   RO         3661    i.HandleGarbage_not_single  serial.o
    0x080024b0   0x080024b0   0x000000a4   Code   RO         3662    i.HandleGarbage_single  serial.o
    0x08002554   0x08002554   0x00000004   Code   RO         3335    i.HardFault_Handler  stm32f10x_it.o
    0x08002558   0x08002558   0x0000003c   Code   RO         4432    i.InitializeMechanicalClaw_serial  servo_serial.o
    0x08002594   0x08002594   0x00000004   Code   RO         3336    i.MemManage_Handler  stm32f10x_it.o
    0x08002598   0x08002598   0x00000002   Code   RO         3337    i.NMI_Handler       stm32f10x_it.o
    0x0800259a   0x0800259a   0x00000002   PAD
    0x0800259c   0x0800259c   0x00000070   Code   RO          137    i.NVIC_Init         misc.o
    0x0800260c   0x0800260c   0x00000014   Code   RO          138    i.NVIC_PriorityGroupConfig  misc.o
    0x08002620   0x08002620   0x0000002a   Code   RO         3546    i.OLED_Clear        oled.o
    0x0800264a   0x0800264a   0x00000002   PAD
    0x0800264c   0x0800264c   0x00000050   Code   RO         3548    i.OLED_I2C_Init     oled.o
    0x0800269c   0x0800269c   0x00000054   Code   RO         3549    i.OLED_I2C_SendByte  oled.o
    0x080026f0   0x080026f0   0x00000034   Code   RO         3550    i.OLED_I2C_Start    oled.o
    0x08002724   0x08002724   0x00000028   Code   RO         3551    i.OLED_I2C_Stop     oled.o
    0x0800274c   0x0800274c   0x000000ae   Code   RO         3552    i.OLED_Init         oled.o
    0x080027fa   0x080027fa   0x00000014   Code   RO         3553    i.OLED_Pow          oled.o
    0x0800280e   0x0800280e   0x00000022   Code   RO         3554    i.OLED_SetCursor    oled.o
    0x08002830   0x08002830   0x00000074   Code   RO         3556    i.OLED_ShowChar     oled.o
    0x080028a4   0x080028a4   0x00000054   Code   RO         3557    i.OLED_ShowHexNum   oled.o
    0x080028f8   0x080028f8   0x00000018   Code   RO         4262    i.OLED_ShowLog      emm.o
    0x08002910   0x08002910   0x00000044   Code   RO         3558    i.OLED_ShowNum      oled.o
    0x08002954   0x08002954   0x00000028   Code   RO         3560    i.OLED_ShowString   oled.o
    0x0800297c   0x0800297c   0x00000020   Code   RO         3561    i.OLED_WriteCommand  oled.o
    0x0800299c   0x0800299c   0x00000020   Code   RO         3562    i.OLED_WriteData    oled.o
    0x080029bc   0x080029bc   0x00000098   Code   RO         4144    i.PWM_Init_PA1      pwm.o
    0x08002a54   0x08002a54   0x000000b0   Code   RO         4145    i.PWM_Init_PA6_PA7  pwm.o
    0x08002b04   0x08002b04   0x00000108   Code   RO         4146    i.PWM_Init_PB0_PB1_PC6  pwm.o
    0x08002c0c   0x08002c0c   0x00000002   Code   RO         3338    i.PendSV_Handler    stm32f10x_it.o
    0x08002c0e   0x08002c0e   0x00000002   PAD
    0x08002c10   0x08002c10   0x00000238   Code   RO         3663    i.ProcessReceivedData  serial.o
    0x08002e48   0x08002e48   0x00000020   Code   RO         1775    i.RCC_APB1PeriphClockCmd  stm32f10x_rcc.o
    0x08002e68   0x08002e68   0x00000020   Code   RO         1777    i.RCC_APB2PeriphClockCmd  stm32f10x_rcc.o
    0x08002e88   0x08002e88   0x000000d4   Code   RO         1785    i.RCC_GetClocksFreq  stm32f10x_rcc.o
    0x08002f5c   0x08002f5c   0x00000058   Code   RO         4263    i.RealToPulse       emm.o
    0x08002fb4   0x08002fb4   0x00000024   Code   RO         4433    i.ReleaseObject_serial  servo_serial.o
    0x08002fd8   0x08002fd8   0x0000008c   Code   RO         4434    i.RescueAction      servo_serial.o
    0x08003064   0x08003064   0x00000002   Code   RO         3339    i.SVC_Handler       stm32f10x_it.o
    0x08003066   0x08003066   0x00000028   Code   RO         3915    i.SendAllTrashCounts  ckp.o
    0x0800308e   0x0800308e   0x00000002   PAD
    0x08003090   0x08003090   0x0000001c   Code   RO         3916    i.SendDaiJi         ckp.o
    0x080030ac   0x080030ac   0x00000030   Code   RO         3918    i.SendSort          ckp.o
    0x080030dc   0x080030dc   0x00000024   Code   RO         3919    i.SendSuccess       ckp.o
    0x08003100   0x08003100   0x00000030   Code   RO         3920    i.SendT1            ckp.o
    0x08003130   0x08003130   0x00000030   Code   RO         3921    i.SendT2            ckp.o
    0x08003160   0x08003160   0x00000030   Code   RO         3922    i.SendT3            ckp.o
    0x08003190   0x08003190   0x00000030   Code   RO         3923    i.SendT4            ckp.o
    0x080031c0   0x080031c0   0x0000001c   Code   RO         3924    i.SendView          ckp.o
    0x080031dc   0x080031dc   0x00000030   Code   RO         3926    i.Send_NUM_s        ckp.o
    0x0800320c   0x0800320c   0x00000030   Code   RO         3927    i.Send_amount       ckp.o
    0x0800323c   0x0800323c   0x00000048   Code   RO         3664    i.Serial_GetRxFlag  serial.o
    0x08003284   0x08003284   0x0000002a   Code   RO         3666    i.Serial_Printf     serial.o
    0x080032ae   0x080032ae   0x00000022   Code   RO         3667    i.Serial_SendArray  serial.o
    0x080032d0   0x080032d0   0x0000001e   Code   RO         3668    i.Serial_SendByte   serial.o
    0x080032ee   0x080032ee   0x00000002   PAD
    0x080032f0   0x080032f0   0x00000020   Code   RO         3672    i.Serial_SendRestart  serial.o
    0x08003310   0x08003310   0x0000001e   Code   RO         3673    i.Serial_SendString  serial.o
    0x0800332e   0x0800332e   0x00000002   PAD
    0x08003330   0x08003330   0x00000020   Code   RO         3674    i.Serial_SendSuccess  serial.o
    0x08003350   0x08003350   0x00000010   Code   RO         4039    i.Servo_Init        servo.o
    0x08003360   0x08003360   0x00000008   Code   RO           24    i.SetSysClock       system_stm32f10x.o
    0x08003368   0x08003368   0x000000e0   Code   RO           25    i.SetSysClockTo72   system_stm32f10x.o
    0x08003448   0x08003448   0x00000028   Code   RO          141    i.SysTick_CLKSourceConfig  misc.o
    0x08003470   0x08003470   0x00000002   Code   RO         3340    i.SysTick_Handler   stm32f10x_it.o
    0x08003472   0x08003472   0x00000002   PAD
    0x08003474   0x08003474   0x00000060   Code   RO           27    i.SystemInit        system_stm32f10x.o
    0x080034d4   0x080034d4   0x00000030   Code   RO         3834    i.TIM5_IRQHandler   ultrasonic.o
    0x08003504   0x08003504   0x00000006   Code   RO         2416    i.TIM_ClearITPendingBit  stm32f10x_tim.o
    0x0800350a   0x0800350a   0x00000018   Code   RO         2421    i.TIM_Cmd           stm32f10x_tim.o
    0x08003522   0x08003522   0x0000001e   Code   RO         2423    i.TIM_CtrlPWMOutputs  stm32f10x_tim.o
    0x08003540   0x08003540   0x00000022   Code   RO         2442    i.TIM_GetITStatus   stm32f10x_tim.o
    0x08003562   0x08003562   0x0000000c   Code   RO         2448    i.TIM_InternalClockConfig  stm32f10x_tim.o
    0x0800356e   0x0800356e   0x00000002   PAD
    0x08003570   0x08003570   0x00000098   Code   RO         2450    i.TIM_OC1Init       stm32f10x_tim.o
    0x08003608   0x08003608   0x00000012   Code   RO         2453    i.TIM_OC1PreloadConfig  stm32f10x_tim.o
    0x0800361a   0x0800361a   0x00000002   PAD
    0x0800361c   0x0800361c   0x000000a4   Code   RO         2455    i.TIM_OC2Init       stm32f10x_tim.o
    0x080036c0   0x080036c0   0x000000a0   Code   RO         2460    i.TIM_OC3Init       stm32f10x_tim.o
    0x08003760   0x08003760   0x00000012   Code   RO         2463    i.TIM_OC3PreloadConfig  stm32f10x_tim.o
    0x08003772   0x08003772   0x00000002   PAD
    0x08003774   0x08003774   0x0000007c   Code   RO         2465    i.TIM_OC4Init       stm32f10x_tim.o
    0x080037f0   0x080037f0   0x0000001a   Code   RO         2467    i.TIM_OC4PreloadConfig  stm32f10x_tim.o
    0x0800380a   0x0800380a   0x00000014   Code   RO         2468    i.TIM_OCStructInit  stm32f10x_tim.o
    0x0800381e   0x0800381e   0x00000002   PAD
    0x08003820   0x08003820   0x000000a4   Code   RO         2492    i.TIM_TimeBaseInit  stm32f10x_tim.o
    0x080038c4   0x080038c4   0x000000c4   Code   RO         4435    i.TiltTray_Serial   servo_serial.o
    0x08003988   0x08003988   0x0000009c   Code   RO         4436    i.TiltTray_Serial_zhua  servo_serial.o
    0x08003a24   0x08003a24   0x0000001c   Code   RO         3675    i.USART1_IRQHandler  serial.o
    0x08003a40   0x08003a40   0x0000001e   Code   RO         2957    i.USART_ClearITPendingBit  stm32f10x_usart.o
    0x08003a5e   0x08003a5e   0x00000018   Code   RO         2960    i.USART_Cmd         stm32f10x_usart.o
    0x08003a76   0x08003a76   0x0000001a   Code   RO         2963    i.USART_GetFlagStatus  stm32f10x_usart.o
    0x08003a90   0x08003a90   0x00000054   Code   RO         2964    i.USART_GetITStatus  stm32f10x_usart.o
    0x08003ae4   0x08003ae4   0x000000e0   Code   RO         3676    i.USART_IRQHandler  serial.o
    0x08003bc4   0x08003bc4   0x0000004a   Code   RO         2966    i.USART_ITConfig    stm32f10x_usart.o
    0x08003c0e   0x08003c0e   0x00000002   PAD
    0x08003c10   0x08003c10   0x000000d8   Code   RO         2967    i.USART_Init        stm32f10x_usart.o
    0x08003ce8   0x08003ce8   0x0000000a   Code   RO         2974    i.USART_ReceiveData  stm32f10x_usart.o
    0x08003cf2   0x08003cf2   0x00000008   Code   RO         2977    i.USART_SendData    stm32f10x_usart.o
    0x08003cfa   0x08003cfa   0x00000018   Code   RO         2983    i.USART_StructInit  stm32f10x_usart.o
    0x08003d12   0x08003d12   0x00000004   Code   RO         3341    i.UsageFault_Handler  stm32f10x_it.o
    0x08003d16   0x08003d16   0x0000001a   Code   RO         4267    i.XY_GO             emm.o
    0x08003d30   0x08003d30   0x000001cc   Code   RO         4268    i.XY_GO_0           emm.o
    0x08003efc   0x08003efc   0x0000005c   Code   RO         4270    i.X_GO_2            emm.o
    0x08003f58   0x08003f58   0x0000005c   Code   RO         4272    i.Y_GO_2            emm.o
    0x08003fb4   0x08003fb4   0x00000028   Code   RO         4977    i.__ARM_fpclassify  m_ws.l(fpclassify.o)
    0x08003fdc   0x08003fdc   0x0000000e   Code   RO         4623    i._is_digit         c_w.l(__printf_wp.o)
    0x08003fea   0x08003fea   0x0000002e   Code   RO         4437    i.angle_to_pwm_180  servo_serial.o
    0x08004018   0x08004018   0x00000030   Code   RO         4438    i.angle_to_pwm_270  servo_serial.o
    0x08004048   0x08004048   0x00000016   Code   RO         4439    i.constrain_serial  servo_serial.o
    0x0800405e   0x0800405e   0x00000002   PAD
    0x08004060   0x08004060   0x00000044   Code   RO         3396    i.delay_init        delay.o
    0x080040a4   0x080040a4   0x0000004c   Code   RO         3397    i.delay_ms          delay.o
    0x080040f0   0x080040f0   0x0000004c   Code   RO         3398    i.delay_us          delay.o
    0x0800413c   0x0800413c   0x0000004e   Code   RO         3678    i.get_coordinate    serial.o
    0x0800418a   0x0800418a   0x00000002   PAD
    0x0800418c   0x0800418c   0x00000120   Code   RO         3196    i.main              main.o
    0x080042ac   0x080042ac   0x00000070   Code   RO         3679    i.map_camera_real_phase  serial.o
    0x0800431c   0x0800431c   0x00000016   Code   RO         4440    i.map_serial        servo_serial.o
    0x08004332   0x08004332   0x00000016   Code   RO         3680    i.map_serial_1      serial.o
    0x08004348   0x08004348   0x0000002c   Code   RO         4442    i.send_multiple_servo_commands  servo_serial.o
    0x08004374   0x08004374   0x0000005c   Code   RO         4443    i.send_servo_command  servo_serial.o
    0x080043d0   0x080043d0   0x000000b8   Code   RO         4205    i.usart1_init       serial_5.o
    0x08004488   0x08004488   0x00000084   Code   RO         4206    i.usart2_init       serial_5.o
    0x0800450c   0x0800450c   0x00000088   Code   RO         4207    i.usart3_init       serial_5.o
    0x08004594   0x08004594   0x00000088   Code   RO         4208    i.usart4_init       serial_5.o
    0x0800461c   0x0800461c   0x00000094   Code   RO         4209    i.usart5_init       serial_5.o
    0x080046b0   0x080046b0   0x0000002c   Code   RO         4953    locale$$code        c_w.l(lc_numeric_c.o)
    0x080046dc   0x080046dc   0x0000002c   Code   RO         4988    locale$$code        c_w.l(lc_ctype_c.o)
    0x08004708   0x08004708   0x00000062   Code   RO         4642    x$fpl$d2f           fz_ws.l(d2f.o)
    0x0800476a   0x0800476a   0x0000009c   Code   RO         4836    x$fpl$dnaninf       fz_ws.l(dnaninf.o)
    0x08004806   0x08004806   0x0000000c   Code   RO         4838    x$fpl$dretinf       fz_ws.l(dretinf.o)
    0x08004812   0x08004812   0x00000002   PAD
    0x08004814   0x08004814   0x00000056   Code   RO         4650    x$fpl$f2d           fz_ws.l(f2d.o)
    0x0800486a   0x0800486a   0x00000002   PAD
    0x0800486c   0x0800486c   0x000000c4   Code   RO         4652    x$fpl$fadd          fz_ws.l(faddsub_clz.o)
    0x08004930   0x08004930   0x00000018   Code   RO         4840    x$fpl$fcmpinf       fz_ws.l(fcmpi.o)
    0x08004948   0x08004948   0x00000184   Code   RO         4659    x$fpl$fdiv          fz_ws.l(fdiv.o)
    0x08004acc   0x08004acc   0x00000068   Code   RO         4662    x$fpl$feqf          fz_ws.l(feqf.o)
    0x08004b34   0x08004b34   0x00000036   Code   RO         4664    x$fpl$ffix          fz_ws.l(ffix.o)
    0x08004b6a   0x08004b6a   0x00000002   PAD
    0x08004b6c   0x08004b6c   0x0000003e   Code   RO         4668    x$fpl$ffixu         fz_ws.l(ffixu.o)
    0x08004baa   0x08004baa   0x00000002   PAD
    0x08004bac   0x08004bac   0x00000030   Code   RO         4673    x$fpl$fflt          fz_ws.l(fflt_clz.o)
    0x08004bdc   0x08004bdc   0x00000026   Code   RO         4672    x$fpl$ffltu         fz_ws.l(fflt_clz.o)
    0x08004c02   0x08004c02   0x00000002   PAD
    0x08004c04   0x08004c04   0x00000068   Code   RO         4678    x$fpl$fleqf         fz_ws.l(fleqf.o)
    0x08004c6c   0x08004c6c   0x00000102   Code   RO         4680    x$fpl$fmul          fz_ws.l(fmul.o)
    0x08004d6e   0x08004d6e   0x0000008c   Code   RO         4842    x$fpl$fnaninf       fz_ws.l(fnaninf.o)
    0x08004dfa   0x08004dfa   0x0000000a   Code   RO         4844    x$fpl$fretinf       fz_ws.l(fretinf.o)
    0x08004e04   0x08004e04   0x000000ea   Code   RO         4654    x$fpl$fsub          fz_ws.l(faddsub_clz.o)
    0x08004eee   0x08004eee   0x00000004   Code   RO         4846    x$fpl$printf1       fz_ws.l(printf1.o)
    0x08004ef2   0x08004ef2   0x00000004   Code   RO         4848    x$fpl$printf2       fz_ws.l(printf2.o)
    0x08004ef6   0x08004ef6   0x00000000   Code   RO         4854    x$fpl$usenofp       fz_ws.l(usenofp.o)
    0x08004ef6   0x08004ef6   0x000005f0   Data   RO         3563    .constdata          oled.o
    0x080054e6   0x080054e6   0x00000011   Data   RO         4631    .constdata          c_w.l(__printf_flags_ss_wp.o)
    0x080054f7   0x080054f7   0x00000001   PAD
    0x080054f8   0x080054f8   0x00000008   Data   RO         4735    .constdata          c_w.l(_printf_wctomb.o)
    0x08005500   0x08005500   0x00000028   Data   RO         4764    .constdata          c_w.l(_printf_hex_int_ll_ptr.o)
    0x08005528   0x08005528   0x00000026   Data   RO         4890    .constdata          c_w.l(_printf_fp_hex.o)
    0x0800554e   0x0800554e   0x00000002   PAD
    0x08005550   0x08005550   0x00000094   Data   RO         4928    .constdata          c_w.l(bigflt0.o)
    0x080055e4   0x080055e4   0x00000020   Data   RO         5042    Region$$Table       anon$$obj.o
    0x08005604   0x08005604   0x0000001c   Data   RO         4952    locale$$data        c_w.l(lc_numeric_c.o)
    0x08005620   0x08005620   0x00000110   Data   RO         4987    locale$$data        c_w.l(lc_ctype_c.o)


    Execution Region RW_IRAM1 (Exec base: 0x20000000, Load base: 0x08005730, Size: 0x00000910, Max: 0x00010000, ABSOLUTE)

    Exec Addr    Load Addr    Size         Type   Attr      Idx    E Section Name        Object

    0x20000000   0x08005730   0x00000014   Data   RW           28    .data               system_stm32f10x.o
    0x20000014   0x08005744   0x00000014   Data   RW         1805    .data               stm32f10x_rcc.o
    0x20000028   0x08005758   0x00000004   Data   RW         3399    .data               delay.o
    0x2000002c   0x0800575c   0x0000002c   Data   RW         3682    .data               serial.o
    0x20000058   0x08005788   0x0000001a   Data   RW         3839    .data               ultrasonic.o
    0x20000072   0x080057a2   0x0000000a   Data   RW         4273    .data               emm.o
    0x2000007c   0x080057ac   0x00000002   Data   RW         4444    .data               servo_serial.o
    0x2000007e   0x080057ae   0x00000002   PAD
    0x20000080        -       0x00000027   Zero   RW         3681    .bss                serial.o
    0x200000a7        -       0x00000208   Zero   RW         3929    .bss                ckp.o
    0x200002af   0x080057ae   0x00000001   PAD
    0x200002b0        -       0x00000060   Zero   RW         4858    .bss                c_w.l(libspace.o)
    0x20000310        -       0x00000200   Zero   RW           18    HEAP                startup_stm32f10x_hd.o
    0x20000510        -       0x00000400   Zero   RW           17    STACK               startup_stm32f10x_hd.o


==============================================================================

Image component sizes


      Code (inc. data)   RO Data    RW Data    ZI Data      Debug   Object Name

       516        222          0          0        520       6799   ckp.o
         0          0          0          0          0       4548   core_cm3.o
       220         26          0          4          0       1723   delay.o
      1138        242          0         10          0       6873   emm.o
       288         66          0          0          0     203615   main.o
       172         22          0          0          0     206725   misc.o
       898         22       1520          0          0       8479   oled.o
       592         32          0          0          0       2013   pwm.o
      2046        140          0         44         39      13395   serial.o
       736         46          0          0          0       3086   serial_5.o
        16          0          0          0          0        449   servo.o
      1226        156          0          2          0       9435   servo_serial.o
        64         26        304          0       1536        800   startup_stm32f10x_hd.o
         0          0          0          0          0       1672   stm32f10x_adc.o
       306          0          0          0          0      11408   stm32f10x_gpio.o
        26          0          0          0          0       3866   stm32f10x_it.o
       276         32          0         20          0      13046   stm32f10x_rcc.o
       952         92          0          0          0      29178   stm32f10x_tim.o
       496          6          0          0          0      13130   stm32f10x_usart.o
       328         28          0         20          0      45629   system_stm32f10x.o
       128         14          0         26          0       2394   ultrasonic.o

    ----------------------------------------------------------------------
     10456       1172       1856        128       2096     588263   Object Totals
         0          0         32          0          0          0   (incl. Generated)
        32          0          0          2          1          0   (incl. Padding)

    ----------------------------------------------------------------------

      Code (inc. data)   RO Data    RW Data    ZI Data      Debug   Library Member Name

        56          6          0          0          0         88   __2snprintf.o
        44          6          0          0          0         84   __2sprintf.o
         8          0          0          0          0         68   __main.o
       392          4         17          0          0         92   __printf_flags_ss_wp.o
        14          0          0          0          0         68   __printf_wp.o
         0          0          0          0          0          0   __rtentry.o
        12          0          0          0          0          0   __rtentry2.o
         6          0          0          0          0          0   __rtentry4.o
        52          8          0          0          0          0   __scatter.o
        26          0          0          0          0          0   __scatter_copy.o
        28          0          0          0          0          0   __scatter_zi.o
         6          0          0          0          0          0   _printf_a.o
         6          0          0          0          0          0   _printf_c.o
        44          0          0          0          0        108   _printf_char.o
        48          6          0          0          0         96   _printf_char_common.o
        40          0          0          0          0         68   _printf_charcount.o
         6          0          0          0          0          0   _printf_d.o
       120         16          0          0          0         92   _printf_dec.o
         6          0          0          0          0          0   _printf_e.o
         6          0          0          0          0          0   _printf_f.o
      1054          0          0          0          0        216   _printf_fp_dec.o
       764          8         38          0          0        100   _printf_fp_hex.o
       128         16          0          0          0         84   _printf_fp_infnan.o
         6          0          0          0          0          0   _printf_g.o
       148          4         40          0          0        160   _printf_hex_int_ll_ptr.o
         6          0          0          0          0          0   _printf_i.o
       178          0          0          0          0         88   _printf_intcommon.o
        10          0          0          0          0          0   _printf_l.o
         6          0          0          0          0          0   _printf_lc.o
        10          0          0          0          0          0   _printf_ll.o
         6          0          0          0          0          0   _printf_lld.o
         6          0          0          0          0          0   _printf_lli.o
         6          0          0          0          0          0   _printf_llo.o
         6          0          0          0          0          0   _printf_llu.o
         6          0          0          0          0          0   _printf_llx.o
       124         16          0          0          0         92   _printf_longlong_dec.o
         6          0          0          0          0          0   _printf_ls.o
         6          0          0          0          0          0   _printf_n.o
         6          0          0          0          0          0   _printf_o.o
       112         10          0          0          0        124   _printf_oct_int_ll.o
         6          0          0          0          0          0   _printf_p.o
        78          0          0          0          0        108   _printf_pad.o
         0          0          0          0          0          0   _printf_percent.o
         4          0          0          0          0          0   _printf_percent_end.o
         6          0          0          0          0          0   _printf_s.o
        82          0          0          0          0         80   _printf_str.o
        36          0          0          0          0         84   _printf_truncate.o
         6          0          0          0          0          0   _printf_u.o
        44          0          0          0          0        108   _printf_wchar.o
       188          6          8          0          0         92   _printf_wctomb.o
         6          0          0          0          0          0   _printf_x.o
        16          0          0          0          0         68   _snputc.o
        10          0          0          0          0         68   _sputc.o
        64          0          0          0          0         92   _wcrtomb.o
       228          4        148          0          0         96   bigflt0.o
      1936        128          0          0          0        672   btod.o
        10          0          0          0          0         68   defsig_exit.o
        50          0          0          0          0         88   defsig_general.o
        80         58          0          0          0         76   defsig_rtmem_inner.o
        14          0          0          0          0         80   defsig_rtmem_outer.o
        18          0          0          0          0         80   exit.o
        94          0          0          0          0         80   h1_alloc.o
        52          0          0          0          0         68   h1_extend.o
        78          0          0          0          0         80   h1_free.o
        14          0          0          0          0         84   h1_init.o
         6          0          0          0          0        152   heapauxi.o
         4          0          0          0          0        136   hguard.o
         0          0          0          0          0          0   indicate_semi.o
       138          0          0          0          0        168   init_alloc.o
        44         10        272          0          0         76   lc_ctype_c.o
        44         10         28          0          0         76   lc_numeric_c.o
         2          0          0          0          0          0   libinit.o
        38          0          0          0          0          0   libinit2.o
         2          0          0          0          0          0   libshutdown.o
         2          0          0          0          0          0   libshutdown2.o
         8          4          0          0         96         68   libspace.o
       138          0          0          0          0         80   lludiv10.o
         0          0          0          0          0          0   maybetermalloc1.o
        16          4          0          0          0         76   rt_ctype_table.o
         8          4          0          0          0         68   rt_heap_descriptor_intlibspace.o
         8          4          0          0          0         68   rt_locale_intlibspace.o
         2          0          0          0          0          0   rtexit.o
        10          0          0          0          0          0   rtexit2.o
       128          0          0          0          0         68   strcmpv7m.o
        12          4          0          0          0         68   sys_exit.o
        74          0          0          0          0         80   sys_stackheap_outer.o
        14          0          0          0          0         76   sys_wrch.o
         2          0          0          0          0         68   use_no_semi.o
        36          4          0          0          0         76   vsprintf.o
        98          4          0          0          0         92   d2f.o
       156          4          0          0          0         92   dnaninf.o
        12          0          0          0          0         68   dretinf.o
        86          4          0          0          0         84   f2d.o
       430          8          0          0          0        168   faddsub_clz.o
        24          0          0          0          0         68   fcmpi.o
       388         76          0          0          0         96   fdiv.o
       104          4          0          0          0         84   feqf.o
        54          4          0          0          0         84   ffix.o
        62          4          0          0          0         84   ffixu.o
        86          0          0          0          0        136   fflt_clz.o
       104          4          0          0          0         84   fleqf.o
       258          4          0          0          0         84   fmul.o
       140          4          0          0          0         84   fnaninf.o
        10          0          0          0          0         68   fretinf.o
         4          0          0          0          0         68   printf1.o
         4          0          0          0          0         68   printf2.o
         0          0          0          0          0          0   usenofp.o
        40          0          0          0          0         68   fpclassify.o

    ----------------------------------------------------------------------
      9454        460        554          0         96       6784   Library Totals
        24          0          3          0          0          0   (incl. Padding)

    ----------------------------------------------------------------------

      Code (inc. data)   RO Data    RW Data    ZI Data      Debug   Library Name

      7370        340        551          0         96       5204   c_w.l
      2020        120          0          0          0       1512   fz_ws.l
        40          0          0          0          0         68   m_ws.l

    ----------------------------------------------------------------------
      9454        460        554          0         96       6784   Library Totals

    ----------------------------------------------------------------------

==============================================================================


      Code (inc. data)   RO Data    RW Data    ZI Data      Debug   

     19910       1632       2410        128       2192     584799   Grand Totals
     19910       1632       2410        128       2192     584799   ELF Image Totals
     19910       1632       2410        128          0          0   ROM Totals

==============================================================================

    Total RO  Size (Code + RO Data)                22320 (  21.80kB)
    Total RW  Size (RW Data + ZI Data)              2320 (   2.27kB)
    Total ROM Size (Code + RO Data + RW Data)      22448 (  21.92kB)

==============================================================================

